Microchip Technology Inc, v2.10 (A)

Tool Name:
  c:\program files\microchip\xc16\v2.10\bin\bin\..\bin/elf-ld.exe

Command:
  -p30F4013 \
  -o \
  dist/default/production/Tesis_final-V2.X.production.elf \
  -Lc:/program files/microchip/xc16/v2.10/bin/bin/.. \
  -Lc:/program files/microchip/xc16/v2.10/bin/bin/../../lib \
  -Lc:/program files/microchip/xc16/v2.10/bin/bin/../../support/PIC24E/gld \
  -Lc:/program files/microchip/xc16/v2.10/bin/bin/../../support/PIC24F/gld \
  -Lc:/program files/microchip/xc16/v2.10/bin/bin/../../support/PIC24H/gld \
  -Lc:/program files/microchip/xc16/v2.10/bin/bin/../../support/dsPIC30F/gld \
  -Lc:/program files/microchip/xc16/v2.10/bin/bin/../../support/dsPIC33C/gld \
  -Lc:/program files/microchip/xc16/v2.10/bin/bin/../../support/dsPIC33E/gld \
  -Lc:/program files/microchip/xc16/v2.10/bin/bin/../../support/dsPIC33F/gld \
  build/default/production/main.o \
  --defsym=__MPLAB_BUILD=1 \
  -Tp30F4013.gld.00 \
  --stack=16 \
  --check-sections \
  --data-init \
  --pack-data \
  --handles \
  --isr \
  --no-gc-sections \
  --fill-upper=0 \
  --stackguard=16 \
  --no-force-link \
  --smart-io \
  -Map=dist/default/production/Tesis_final-V2.X.production.map \
  --report-mem \
  --memorysummary \
  dist/default/production/memoryfile.xml \
  -start-group \
  --library=c99-pic30-elf \
  --library=m-elf \
  --library=c99-elf \
  -end-group \


Optional library libp30F4013.a not found
Archive member included because of file (symbol)

c:/program files/microchip/xc16/v2.10/bin/bin/../../lib\libc99-pic30-elf.a(crt0_standard.o)
                              (__resetPRI)
c:/program files/microchip/xc16/v2.10/bin/bin/../../lib\libc99-pic30-elf.a(data_init_standard.o)
                              c:/program files/microchip/xc16/v2.10/bin/bin/../../lib\libc99-pic30-elf.a(crt0_standard.o) (__data_init_standard)
c:/program files/microchip/xc16/v2.10/bin/bin/../../lib\libc99-pic30-elf.a(crt_start_mode_normal.Meo)
                              (__crt_start_mode_normal)
c:/program files/microchip/xc16/v2.10/bin/bin/../../lib\libc99-pic30-elf.a(delay32.Meo)
                              build/default/production/main.o (___delay32)
c:/program files/microchip/xc16/v2.10/bin/bin/../../lib\libc99-pic30-elf.a(divsi3.XX_o)
                              build/default/production/main.o (___divsi3)
c:/program files/microchip/xc16/v2.10/bin/bin/../../lib\libc99-pic30-elf.a(feqltle.XX_o)
                              build/default/production/main.o (___eqsf2)
c:/program files/microchip/xc16/v2.10/bin/bin/../../lib\libc99-pic30-elf.a(fgtge.XX_o)
                              build/default/production/main.o (___gtsf2)
c:/program files/microchip/xc16/v2.10/bin/bin/../../lib\libc99-pic30-elf.a(fixunssfsi.XX_o)
                              build/default/production/main.o (___fixunssfsi)
c:/program files/microchip/xc16/v2.10/bin/bin/../../lib\libc99-pic30-elf.a(floatsisf.XX_o)
                              build/default/production/main.o (___floatsisf)
c:/program files/microchip/xc16/v2.10/bin/bin/../../lib\libc99-pic30-elf.a(floatunsisf.XX_o)
                              build/default/production/main.o (___floatunsisf)
c:/program files/microchip/xc16/v2.10/bin/bin/../../lib\libc99-pic30-elf.a(funpack.XX_o)
                              c:/program files/microchip/xc16/v2.10/bin/bin/../../lib\libc99-pic30-elf.a(fixunssfsi.XX_o) (__funpack)
c:/program files/microchip/xc16/v2.10/bin/bin/../../lib\libc99-pic30-elf.a(udivsi3.XX_o)
                              c:/program files/microchip/xc16/v2.10/bin/bin/../../lib\libc99-pic30-elf.a(divsi3.XX_o) (___udivsi3)
c:/program files/microchip/xc16/v2.10/bin/bin/../../lib\libc99-pic30-elf.a(addsf3x.XX_o)
                              build/default/production/main.o (___subsf3)
c:/program files/microchip/xc16/v2.10/bin/bin/../../lib\libc99-pic30-elf.a(divsf3x.XX_o)
                              build/default/production/main.o (___divsf3)
c:/program files/microchip/xc16/v2.10/bin/bin/../../lib\libc99-pic30-elf.a(mulsf3x.XX_o)
                              build/default/production/main.o (___mulsf3)
c:/program files/microchip/xc16/v2.10/bin/bin/../../lib\libc99-pic30-elf.a(dnrmpackfx.XX_o)
                              c:/program files/microchip/xc16/v2.10/bin/bin/../../lib\libc99-pic30-elf.a(addsf3x.XX_o) (__dnrmpackf)
c:/program files/microchip/xc16/v2.10/bin/bin/../../lib\libc99-pic30-elf.a(unpackdnrmfx.XX_o)
                              c:/program files/microchip/xc16/v2.10/bin/bin/../../lib\libc99-pic30-elf.a(mulsf3x.XX_o) (__unpackdnrmf)
c:/program files/microchip/xc16/v2.10/bin/bin/../../lib\libc99-pic30-elf.a(typefx.XX_o)
                              c:/program files/microchip/xc16/v2.10/bin/bin/../../lib\libc99-pic30-elf.a(addsf3x.XX_o) (__typef)
c:/program files/microchip/xc16/v2.10/bin/bin/../../lib\libc99-pic30-elf.a(propnanfx.XX_o)
[...]
Memory Configuration

Name             Origin             Length             Attributes
data             0x000800           0x000800           a !xr
reset            0x000000           0x000004  
ivt              0x000004           0x00007c  
_reserved        0x000080           0x000004  
aivt             0x000084           0x00007c  
program          0x000100           0x007f00           xr
eedata           0x7ffc00           0x000400  
FUID0            0x8005c0           0x000002  
FUID1            0x8005c2           0x000002  
FUID2            0x8005c4           0x000002  
FUID3            0x8005c6           0x000002  
FOSC             0xf80000           0x000002  
FWDT             0xf80002           0x000002  
FBORPOR          0xf80004           0x000002  
RESERVED1        0xf80006           0x000002  
RESERVED2        0xf80008           0x000002  
FGS              0xf8000a           0x000002  
FICD             0xf8000c           0x000002  
*default*        0x000000           0xffffffff  

Linker script and memory map

LOAD build/default/production/main.o
                    0x0001                  __MPLAB_BUILD = 0x1
LOAD p30F4013
LOAD c:/program files/microchip/xc16/v2.10/bin/bin/../../lib\libfx-elf.a
                    0x8005c0                  __FUID0 = 0x8005c0
                    0x8005c2                  __FUID1 = 0x8005c2
                    0x8005c4                  __FUID2 = 0x8005c4
                    0x8005c6                  __FUID3 = 0x8005c6
                    0xf80000                  __FOSC = 0xf80000
                    0xf80002                  __FWDT = 0xf80002
                    0xf80004                  __FBORPOR = 0xf80004
                    0xf80006                  __RESERVED1 = 0xf80006
                    0xf80008                  __RESERVED2 = 0xf80008
                    0xf8000a                  __FGS = 0xf8000a
                    0xf8000c                  __FICD = 0xf8000c
                    0x0001                  __NO_HANDLES = 0x1
                    0x0100                  __CODE_BASE = 0x100
                    0x7f00                  __CODE_LENGTH = 0x7f00
                    0x0004                  __IVT_BASE = 0x4
                    0x0084                  __AIVT_BASE = 0x84
                    0x0800                  __DATA_BASE = 0x800
                    0x0800                  __DATA_LENGTH = 0x800
                    0x0c00                  __YDATA_BASE = 0xc00
                    0x1000                  __YDATA_END = 0x1000
                    0x7ffc00                  __EEDATA_BASE = 0x7ffc00
                    0x0400                  __EEDATA_LENGTH = 0x400

.reset            0x000000          0x4
                  0x000000          0x2 SHORT 0x100 ABSOLUTE (__reset)
                  0x000001          0x2 SHORT 0x4
                  0x000002          0x2 SHORT 0x0 ((ABSOLUTE (__reset) >> 0x10) & 0x7f)
                  0x000003          0x2 SHORT 0x0

.text             0x000100       0x38de
 *(.init)
 .init            0x000100         0x4c c:/program files/microchip/xc16/v2.10/bin/bin/../../lib\libc99-pic30-elf.a(crt0_standard.o)
                  0x000100                  __resetPRI
                  0x000100                  __reset
                  0x00013c                  __psv_init
 .init            0x00014c         0x7c c:/program files/microchip/xc16/v2.10/bin/bin/../../lib\libc99-pic30-elf.a(data_init_standard.o)
                  0x000152                  __data_init_standard
                  0x000152                  __data_init
 *(.user_init)
 *(.handle)
 *(.isr*)
 .isr.text        0x0001c8        0x2ac build/default/production/main.o
                  0x0001c8                  __INT0Interrupt
                  0x000220                  __INT1Interrupt
                  0x000278                  __INT2Interrupt
                  0x0002d0                  __T1Interrupt
                  0x0002ec                  __T4Interrupt
                  0x000308                  __T5Interrupt
                  0x000324                  __U1RXInterrupt
 .isr             0x000474          0x4 default_isr
                  0x000474                  __DefaultInterrupt
 *(.libc)
 *(.libm)
 *(.libdsp)
 *(.lib*)
 .libpic30_crt_start_mode
                  0x000478          0x2 c:/program files/microchip/xc16/v2.10/bin/bin/../../lib\libc99-pic30-elf.a(crt_start_mode_normal.Meo)
                  0x000478                  __crt_start_mode
                  0x000478                  __crt_start_mode_normal
 .libm.divsi3     0x00047a         0x1e c:/program files/microchip/xc16/v2.10/bin/bin/../../lib\libc99-pic30-elf.a(divsi3.XX_o)
                  0x00047a                  ___divsi3
 .libm.eqsf2      0x000498          0x4 c:/program files/microchip/xc16/v2.10/bin/bin/../../lib\libc99-pic30-elf.a(feqltle.XX_o)
                  0x000498                  ___eqsf2
                  0x000498                  ___ltsf2
                  0x000498                  ___lesf2
 .libm.gtsf2      0x00049c          0x4 c:/program files/microchip/xc16/v2.10/bin/bin/../../lib\libc99-pic30-elf.a(fgtge.XX_o)
                  0x00049c                  ___gesf2
                  0x00049c                  ___gtsf2
 .libm.fixunssfsi
                  0x0004a0         0x36 c:/program files/microchip/xc16/v2.10/bin/bin/../../lib\libc99-pic30-elf.a(fixunssfsi.XX_o)
                  0x0004a0                  ___fixunssfsi
 .libm.floatsisf
                  0x0004d6          0x6 c:/program files/microchip/xc16/v2.10/bin/bin/../../lib\libc99-pic30-elf.a(floatsisf.XX_o)
                  0x0004d6                  ___floatsisf
 .libm.floatunsisf
                  0x0004dc          0x4 c:/program files/microchip/xc16/v2.10/bin/bin/../../lib\libc99-pic30-elf.a(floatunsisf.XX_o)
                  0x0004dc                  ___floatunsisf
 .libm.funpack    0x0004e0         0x2a c:/program files/microchip/xc16/v2.10/bin/bin/../../lib\libc99-pic30-elf.a(funpack.XX_o)
                  0x0004e0                  __funpack
 .libm.udivsi3    0x00050a         0x20 c:/program files/microchip/xc16/v2.10/bin/bin/../../lib\libc99-pic30-elf.a(udivsi3.XX_o)
                  0x00050a                  ___udivsi3
 .libmx           0x00052a        0x1dc c:/program files/microchip/xc16/v2.10/bin/bin/../../lib\libc99-pic30-elf.a(addsf3x.XX_o)
                  0x00052a                  ___subsf3x
                  0x00052a                  ___subsf3
                  0x00053c                  ___addsf3x
                  0x00053c                  ___addsf3
 .libmx           0x000706        0x1be c:/program files/microchip/xc16/v2.10/bin/bin/../../lib\libc99-pic30-elf.a(divsf3x.XX_o)
                  0x000706                  ___divsf3x
                  0x000706                  ___divsf3
                  0x000898                  __sdivf
 .libmx           0x0008c4        0x10c c:/program files/microchip/xc16/v2.10/bin/bin/../../lib\libc99-pic30-elf.a(mulsf3x.XX_o)
                  0x0008c4                  ___mulsf3x
                  0x0008c4                  ___mulsf3
 .libmx           0x0009d0         0x54 c:/program files/microchip/xc16/v2.10/bin/bin/../../lib\libc99-pic30-elf.a(dnrmpackfx.XX_o)
                  0x0009d0                  __dnrmpackf
 .libmx           0x000a24         0x5e c:/program files/microchip/xc16/v2.10/bin/bin/../../lib\libc99-pic30-elf.a(unpackdnrmfx.XX_o)
                  0x000a24                  __unpackdnrmf
 .libmx           0x000a82         0x34 c:/program files/microchip/xc16/v2.10/bin/bin/../../lib\libc99-pic30-elf.a(typefx.XX_o)
                  0x000a82                  __typef
 .libmx           0x000ab6         0x12 c:/program files/microchip/xc16/v2.10/bin/bin/../../lib\libc99-pic30-elf.a(propnanfx.XX_o)
                  0x000ab6                  __propnanf
 .libmx           0x000ac8         0xa6 c:/program files/microchip/xc16/v2.10/bin/bin/../../lib\libc99-pic30-elf.a(spackfx.XX_o)
                  0x000ac8                  __spackf
 .libmx           0x000b6e         0x66 c:/program files/microchip/xc16/v2.10/bin/bin/../../lib\libc99-pic30-elf.a(unpackfx.XX_o)
                  0x000b6e                  __unpackf
 .libm.fcompare
                  0x000bd4         0x36 c:/program files/microchip/xc16/v2.10/bin/bin/../../lib\libc99-pic30-elf.a(fcompare.XX_o)
                  0x000bd4                  __fcompare
 .libm.floatdisf
                  0x000c0a         0x20 c:/program files/microchip/xc16/v2.10/bin/bin/../../lib\libc99-pic30-elf.a(floatdisf.XX_o)
                  0x000c0a                  ___floatdisf
 .libm.floatundisf
                  0x000c2a         0x5e c:/program files/microchip/xc16/v2.10/bin/bin/../../lib\libc99-pic30-elf.a(floatundisf.XX_o)
                  0x000c2a                  ___floatundisf
 .libm.fpack      0x000c88         0x4c c:/program files/microchip/xc16/v2.10/bin/bin/../../lib\libc99-pic30-elf.a(fpack.XX_o)
                  0x000c88                  __fpack
 .libm.funpack2
                  0x000cd4         0x10 c:/program files/microchip/xc16/v2.10/bin/bin/../../lib\libc99-pic30-elf.a(funpack2.XX_o)
                  0x000cd4                  __funpack2
 .libc.__wrap_sprintf
                  0x000ce4          0xc c:/program files/microchip/xc16/v2.10/bin/bin/../../lib\libc99-elf.a(__sio_sprintf_doux.XX_o)
                  0x000ce4                  __sprintf_cdnopuxX
                  0x000ce4                  __dsprintf_cdnopuxX
 .libc.__sio_sprintf_doux
                  0x000cf0          0xe c:/program files/microchip/xc16/v2.10/bin/bin/../../lib\libc99-elf.a(__sio_sprintf_doux.XX_o)
                  0x000cf0                  ___sio_sprintf_doux
 .libc.atof       0x000cfe          0x4 c:/program files/microchip/xc16/v2.10/bin/bin/../../lib\libc99-elf.a(atof.XX_o)
                  0x000cfe                  _atof
 .libc.memset     0x000d02         0xc8 c:/program files/microchip/xc16/v2.10/bin/bin/../../lib\libc99-elf.a(memset.XX_o)
                  0x000d02                  _memset
 .libc.strlen     0x000dca         0x30 c:/program files/microchip/xc16/v2.10/bin/bin/../../lib\libc99-elf.a(strlen.XX_o)
                  0x000dca                  _strlen
 .libc.strtox     0x000dfa         0x58 c:/program files/microchip/xc16/v2.10/bin/bin/../../lib\libc99-elf.a(strtod.XX_o)
 .libc.strtof     0x000e52          0x6 c:/program files/microchip/xc16/v2.10/bin/bin/../../lib\libc99-elf.a(strtod.XX_o)
                  0x000e52                  ___strtof_l
                  0x000e52                  _strtof
                  0x000e52                  _strtof_l
 .libc.strtod     0x000e58          0x6 c:/program files/microchip/xc16/v2.10/bin/bin/../../lib\libc99-elf.a(strtod.XX_o)
                  0x000e58                  ___strtod_l
                  0x000e58                  _strtod
                  0x000e58                  _strtod_l
 .libc.strtold    0x000e5e          0x4 c:/program files/microchip/xc16/v2.10/bin/bin/../../lib\libc99-elf.a(strtod.XX_o)
                  0x000e5e                  _strtold_l
                  0x000e5e                  _strtold
                  0x000e5e                  ___strtold_l
 .libc.__fmt_d    0x000e62         0xb2 c:/program files/microchip/xc16/v2.10/bin/bin/../../lib\libc99-elf.a(__fmt_d.XX_o)
                  0x000e62                  ___fmt_d
                  0x000e62                  ___fmt_d_needed
 .libc.__fmt_o    0x000f14         0x6a c:/program files/microchip/xc16/v2.10/bin/bin/../../lib\libc99-elf.a(__fmt_o.XX_o)
                  0x000f14                  ___fmt_o
                  0x000f14                  ___fmt_o_needed
 .libc.__fmt_s    0x000f7e         0x54 c:/program files/microchip/xc16/v2.10/bin/bin/../../lib\libc99-elf.a(__fmt_s.XX_o)
                  0x000f7e                  ___fmt_0_needed
                  0x000f7e                  ___fmt_s_needed
                  0x000f7e                  ___fmt_s
 .libc.__cvt_u    0x000fd2         0xa6 c:/program files/microchip/xc16/v2.10/bin/bin/../../lib\libc99-elf.a(__fmt_u.XX_o)
                  0x000fd2                  ___cvt_u
 .libc.__fmt_u    0x001078         0x52 c:/program files/microchip/xc16/v2.10/bin/bin/../../lib\libc99-elf.a(__fmt_u.XX_o)
                  0x001078                  ___fmt_u
                  0x001078                  ___fmt_u_needed
 .libc.__fmt_x    0x0010ca        0x14a c:/program files/microchip/xc16/v2.10/bin/bin/../../lib\libc99-elf.a(__fmt_x.XX_o)
                  0x0010ca                  ___fmt_x_needed
                  0x0010ca                  ___fmt_x
 .libc.__vsprintf
                  0x001214          0x8 c:/program files/microchip/xc16/v2.10/bin/bin/../../lib\libc99-elf.a(__int_vsprintf.XX_o)
                  0x001214                  ___vsprintf
 .libc.__pop_int
                  0x00121c         0xa8 c:/program files/microchip/xc16/v2.10/bin/bin/../../lib\libc99-elf.a(__pop_int.XX_o)
                  0x00121c                  ___pop_int
                  0x00121c                  ___pop_int_needed
 .libc.__pop_ptr
                  0x0012c4         0x70 c:/program files/microchip/xc16/v2.10/bin/bin/../../lib\libc99-elf.a(__pop_ptr.XX_o)
                  0x0012c4                  ___pop_ptr_needed
                  0x0012c4                  ___pop_ptr
 .libc.__string_out
                  0x001334         0x26 c:/program files/microchip/xc16/v2.10/bin/bin/../../lib\libc99-elf.a(__printf_core.XX_o)
                  0x001334                  ___out
 .libc.__pad      0x00135a         0x74 c:/program files/microchip/xc16/v2.10/bin/bin/../../lib\libc99-elf.a(__printf_core.XX_o)
                  0x00135a                  ___pad
 .libc.__dummy_fmt3
                  0x0013ce          0x2 c:/program files/microchip/xc16/v2.10/bin/bin/../../lib\libc99-elf.a(__printf_core.XX_o)
 .libc.__dummy_fmt4
                  0x0013d0          0x2 c:/program files/microchip/xc16/v2.10/bin/bin/../../lib\libc99-elf.a(__printf_core.XX_o)
                  0x0013d0                  ___fmt_fp
                  0x0013d0                  ___fmt_a
 .libc.__dummy_fmts
                  0x0013d2          0x2 c:/program files/microchip/xc16/v2.10/bin/bin/../../lib\libc99-elf.a(__printf_core.XX_o)
 .libc.__fmt_state
                  0x0013d4         0x2c c:/program files/microchip/xc16/v2.10/bin/bin/../../lib\libc99-elf.a(__printf_core.XX_o)
                  0x0013d4                  ___fmt_state
 .libc.vfpfcnvrt.clone.0
                  0x001400        0x2d8 c:/program files/microchip/xc16/v2.10/bin/bin/../../lib\libc99-elf.a(__printf_core.XX_o)
 .libc.__printf_core
                  0x0016d8         0x40 c:/program files/microchip/xc16/v2.10/bin/bin/../../lib\libc99-elf.a(__printf_core.XX_o)
                  0x0016d8                  ___printf_core
 .libc.__isspace
                  0x001718         0x14 c:/program files/microchip/xc16/v2.10/bin/bin/../../lib\libc99-elf.a(atoi.XX_o)
 .libc.atoi       0x00172c         0x4c c:/program files/microchip/xc16/v2.10/bin/bin/../../lib\libc99-elf.a(atoi.XX_o)
                  0x00172c                  _atoi
 .libc.__isspace
                  0x001778         0x14 c:/program files/microchip/xc16/v2.10/bin/bin/../../lib\libc99-elf.a(floatscan.XX_o)
 .libc.scanexp    0x00178c        0x174 c:/program files/microchip/xc16/v2.10/bin/bin/../../lib\libc99-elf.a(floatscan.XX_o)
 .libc.hexfloat
                  0x001900        0x532 c:/program files/microchip/xc16/v2.10/bin/bin/../../lib\libc99-elf.a(floatscan.XX_o)
 .libc.decfloat
                  0x001e32        0x900 c:/program files/microchip/xc16/v2.10/bin/bin/../../lib\libc99-elf.a(floatscan.XX_o)
 .libc.__floatscan
                  0x002732        0x22c c:/program files/microchip/xc16/v2.10/bin/bin/../../lib\libc99-elf.a(floatscan.XX_o)
                  0x002732                  ___floatscan
 .libc.memcpy     0x00295e          0xe c:/program files/microchip/xc16/v2.10/bin/bin/../../lib\libc99-elf.a(memcpy.XX_o)
                  0x00295e                  _memcpy
 .libc.__shlim    0x00296c         0x4a c:/program files/microchip/xc16/v2.10/bin/bin/../../lib\libc99-elf.a(shgetc.XX_o)
                  0x00296c                  ___shlim
 .libc.__shgetc
                  0x0029b6        0x130 c:/program files/microchip/xc16/v2.10/bin/bin/../../lib\libc99-elf.a(shgetc.XX_o)
                  0x0029b6                  ___shgetc
 .libc.tolower    0x002ae6          0xc c:/program files/microchip/xc16/v2.10/bin/bin/../../lib\libc99-elf.a(tolower.XX_o)
                  0x002ae6                  _tolower
 .libc.__tolower_l
                  0x002af2          0x2 c:/program files/microchip/xc16/v2.10/bin/bin/../../lib\libc99-elf.a(tolower.XX_o)
                  0x002af2                  ___tolower_l
                  0x002af2                  _tolower_l
 .libc.toupper    0x002af4          0xc c:/program files/microchip/xc16/v2.10/bin/bin/../../lib\libc99-elf.a(toupper.XX_o)
                  0x002af4                  _toupper
 .libc.__toupper_l
                  0x002b00          0x2 c:/program files/microchip/xc16/v2.10/bin/bin/../../lib\libc99-elf.a(toupper.XX_o)
                  0x002b00                  ___toupper_l
                  0x002b00                  _toupper_l
 .libc.__vsnprintf
                  0x002b02         0x4a c:/program files/microchip/xc16/v2.10/bin/bin/../../lib\libc99-elf.a(__int_vsnprintf.XX_o)
                  0x002b02                  ___vsnprintf
 .libc.__pop_float
                  0x002b4c         0x3e c:/program files/microchip/xc16/v2.10/bin/bin/../../lib\libc99-elf.a(__pop_float.XX_o)
                  0x002b4c                  ___pop_float
                  0x002b4c                  ___pop_float_needed
 .libc.__uflow    0x002b8a         0x2a c:/program files/microchip/xc16/v2.10/bin/bin/../../lib\libc99-elf.a(__uflow.XX_o)
                  0x002b8a                  ___uflow
 .libc.__vfprintf
                  0x002bb4         0x1c c:/program files/microchip/xc16/v2.10/bin/bin/../../lib\libc99-elf.a(__int_vfprintf.XX_o)
                  0x002bb4                  ___vfprintf
 .libc.__toread
                  0x002bd0         0x48 c:/program files/microchip/xc16/v2.10/bin/bin/../../lib\libc99-elf.a(__toread.XX_o)
                  0x002bd0                  ___toread
 .libc.__toread_needs_stdio_exit
                  0x002c18          0x2 c:/program files/microchip/xc16/v2.10/bin/bin/../../lib\libc99-elf.a(__toread.XX_o)
                  0x002c18                  ___toread_needs_stdio_exit
 .libc.__dummy    0x002c1a          0x2 c:/program files/microchip/xc16/v2.10/bin/bin/../../lib\libc99-elf.a(__stdio_exit.XX_o)
                  0x002c1a                  ___stdio_exit_ofl
 .libc.__dummy1
                  0x002c1c          0x2 c:/program files/microchip/xc16/v2.10/bin/bin/../../lib\libc99-elf.a(__stdio_exit.XX_o)
                  0x002c1c                  ___fclose
 .libc.__stdio_exit
                  0x002c1e         0x14 c:/program files/microchip/xc16/v2.10/bin/bin/../../lib\libc99-elf.a(__stdio_exit.XX_o)
                  0x002c1e                  ___stdio_exit_needed
                  0x002c1e                  ___stdio_exit
 .libm.gtdf2      0x002c32          0xa c:/program files/microchip/xc16/v2.10/bin/bin/../../lib\libc99-pic30-elf.a(dgtge.XX_o)
                  0x002c32                  ___gtdf2
                  0x002c32                  ___gedf2
 .libm.nedf2      0x002c3c          0xa c:/program files/microchip/xc16/v2.10/bin/bin/../../lib\libc99-pic30-elf.a(dne.XX_o)
                  0x002c3c                  ___nedf2
 .libm.extendsfdf2
                  0x002c46         0x3e c:/program files/microchip/xc16/v2.10/bin/bin/../../lib\libc99-pic30-elf.a(extendsfdf.XX_o)
                  0x002c46                  ___extendsfdf2
 .libm.floatsidf
                  0x002c84          0x6 c:/program files/microchip/xc16/v2.10/bin/bin/../../lib\libc99-pic30-elf.a(floatsidf.XX_o)
                  0x002c84                  ___floatsidf
 .libm.floatunsidf
                  0x002c8a          0x4 c:/program files/microchip/xc16/v2.10/bin/bin/../../lib\libc99-pic30-elf.a(floatunsidf.XX_o)
                  0x002c8a                  ___floatunsidf
 .libm.truncdfsf2
                  0x002c8e         0x56 c:/program files/microchip/xc16/v2.10/bin/bin/../../lib\libc99-pic30-elf.a(truncdfsf.XX_o)
                  0x002c8e                  ___truncdfsf2
 .libm.umodsi3    0x002ce4          0x6 c:/program files/microchip/xc16/v2.10/bin/bin/../../lib\libc99-pic30-elf.a(umodsi3.XX_o)
                  0x002ce4                  ___umodsi3
 .libm.mulsi3     0x002cea          0xc c:/program files/microchip/xc16/v2.10/bin/bin/../../lib\libc99-pic30-elf.a(mulsi3.XX_o)
                  0x002cea                  ___mulp32peds3
                  0x002cea                  ___mulsi3
                  0x002cea                  ___mulp32eds3
 .lib_dpfops      0x002cf6         0xa2 c:/program files/microchip/xc16/v2.10/bin/bin/../../lib\libc99-pic30-elf.a(dpadd.XX_o)
                  0x002cf6                  ___subdf3
                  0x002d02                  ___adddf3
 .lib_dpfops      0x002d98        0x15e c:/program files/microchip/xc16/v2.10/bin/bin/../../lib\libc99-pic30-elf.a(dpdiv.XX_o)
                  0x002d98                  ___divdf3
 .lib_dpfops      0x002ef6        0x11a c:/program files/microchip/xc16/v2.10/bin/bin/../../lib\libc99-pic30-elf.a(dpmul.XX_o)
                  0x002ef6                  ___muldf3
 .lib_dpfops      0x003010        0x128 c:/program files/microchip/xc16/v2.10/bin/bin/../../lib\libc99-pic30-elf.a(dpsubs.XX_o)
                  0x00302a                  __dxchg
                  0x003038                  __drshft
                  0x003092                  __dupchk
                  0x0030f4                  __drndex
                  0x0030fe                  __dnsrnd
                  0x00312a                  __dpakex
 .libm.__PplusBdi
                  0x003138         0x26 c:/program files/microchip/xc16/v2.10/bin/bin/../../lib\libc99-pic30-elf.a(divmoddi3.XX_o)
 .libm.__PminusBdi
                  0x00315e         0x26 c:/program files/microchip/xc16/v2.10/bin/bin/../../lib\libc99-pic30-elf.a(divmoddi3.XX_o)
 .libm.__udivmoddi3
                  0x003184         0xe6 c:/program files/microchip/xc16/v2.10/bin/bin/../../lib\libc99-pic30-elf.a(divmoddi3.XX_o)
                  0x003184                  ___udivmoddi3
 .libm.__udivdi3
                  0x00326a          0xe c:/program files/microchip/xc16/v2.10/bin/bin/../../lib\libc99-pic30-elf.a(divmoddi3.XX_o)
                  0x00326a                  ___udivdi3
 .libm.__umoddi3
                  0x003278          0x8 c:/program files/microchip/xc16/v2.10/bin/bin/../../lib\libc99-pic30-elf.a(divmoddi3.XX_o)
                  0x003278                  ___umoddi3
 .libm.__divdi3
                  0x003280         0x60 c:/program files/microchip/xc16/v2.10/bin/bin/../../lib\libc99-pic30-elf.a(divmoddi3.XX_o)
                  0x003280                  ___divdi3
 .libm.__moddi3
                  0x0032e0         0x5c c:/program files/microchip/xc16/v2.10/bin/bin/../../lib\libc99-pic30-elf.a(divmoddi3.XX_o)
                  0x0032e0                  ___moddi3
 .libm.__muldi3
                  0x00333c         0x52 c:/program files/microchip/xc16/v2.10/bin/bin/../../lib\libc99-pic30-elf.a(muldi3.XX_o)
                  0x00333c                  ___muldi3
 .libm.dcompare
                  0x00338e         0x52 c:/program files/microchip/xc16/v2.10/bin/bin/../../lib\libc99-pic30-elf.a(dcompare.XX_o)
                  0x00338e                  __dcompare
 .libm.dtype      0x0033e0         0x24 c:/program files/microchip/xc16/v2.10/bin/bin/../../lib\libc99-pic30-elf.a(dtype.XX_o)
                  0x0033e0                  __dtype
 .libm.dunpack    0x003404         0x4e c:/program files/microchip/xc16/v2.10/bin/bin/../../lib\libc99-pic30-elf.a(dunpack.XX_o)
                  0x003404                  __dunpack
 .libm.dunpack2
                  0x003452         0x32 c:/program files/microchip/xc16/v2.10/bin/bin/../../lib\libc99-pic30-elf.a(dunpack2.XX_o)
                  0x003452                  __dunpack2
                  0x003474                  __dreturnNaN
                  0x00347a                  __dunpack2exit
 .libm.floatdidf
                  0x003484         0x20 c:/program files/microchip/xc16/v2.10/bin/bin/../../lib\libc99-pic30-elf.a(floatdidf.XX_o)
                  0x003484                  ___floatdidf
 .libm.floatundidf
                  0x0034a4         0x56 c:/program files/microchip/xc16/v2.10/bin/bin/../../lib\libc99-pic30-elf.a(floatundidf.XX_o)
                  0x0034a4                  ___floatundidf
 .libm.umuldi3    0x0034fa         0x44 c:/program files/microchip/xc16/v2.10/bin/bin/../../lib\libc99-pic30-elf.a(umuldi3.XX_o)
                  0x0034fa                  ___umuldi3
 .libm.dpack      0x00353e         0x58 c:/program files/microchip/xc16/v2.10/bin/bin/../../lib\libc99-pic30-elf.a(dpack.XX_o)
                  0x00353e                  __dpack
 .libm.dPropagateNaN
                  0x003596         0x1c c:/program files/microchip/xc16/v2.10/bin/bin/../../lib\libc99-pic30-elf.a(dpropagateNaN.XX_o)
                  0x003596                  __dPropagateNaN
 .libc.copysignl
                  0x0035b2         0x34 c:/program files/microchip/xc16/v2.10/bin/bin/../../lib\libm-elf.a(copysignl.XX_o)
                  0x0035b2                  _copysignl
 .libc.fabsl      0x0035e6         0x16 c:/program files/microchip/xc16/v2.10/bin/bin/../../lib\libm-elf.a(fabsl.XX_o)
                  0x0035e6                  _fabsl
 .libc.__LONG_DOUBLE_BITS
                  0x0035fc          0x2 c:/program files/microchip/xc16/v2.10/bin/bin/../../lib\libm-elf.a(fmodl.XX_o)
 .libc.fmodl      0x0035fe        0x32c c:/program files/microchip/xc16/v2.10/bin/bin/../../lib\libm-elf.a(fmodl.XX_o)
                  0x0035fe                  _fmodl
 .libc.scalbnf    0x00392a         0x54 c:/program files/microchip/xc16/v2.10/bin/bin/../../lib\libm-elf.a(scalbnf.XX_o)
                  0x00392a                  _scalbnf
 .libc.scalbnl    0x00397e         0x60 c:/program files/microchip/xc16/v2.10/bin/bin/../../lib\libm-elf.a(scalbnl.XX_o)
                  0x00397e                  _scalbnl

usercode
 *(usercode)

__FUID0
 *(__FUID0.sec*)

__FUID1
 *(__FUID1.sec*)

__FUID2
 *(__FUID2.sec*)

__FUID3
 *(__FUID3.sec*)

__FOSC
 *(__FOSC.sec*)

__FWDT
 *(__FWDT.sec*)

__FBORPOR
 *(__FBORPOR.sec*)

__RESERVED1
 *(__RESERVED1.sec*)

__RESERVED2
 *(__RESERVED2.sec*)

__FGS             0xf8000a          0x2
 *(__FGS.sec*)
 __FGS.sec        0xf8000a          0x2 /CW/_FGS M
                  0xf8000a                  __FGS.sec

__FICD
 *(__FICD.sec*)

user_eedata
 *(user_eedata)

userdata
 *(userdata)

.comment
 *(.comment)

.debug_info       0x000000       0x4cb6
 *(.debug_info)
 .debug_info      0x000000       0x33e2 build/default/production/main.o
 .debug_info      0x0033e2         0x8c c:/program files/microchip/xc16/v2.10/bin/bin/../../lib\libc99-pic30-elf.a(divsi3.XX_o)
 .debug_info      0x00346e         0x8d c:/program files/microchip/xc16/v2.10/bin/bin/../../lib\libc99-pic30-elf.a(feqltle.XX_o)
 .debug_info      0x0034fb         0x8b c:/program files/microchip/xc16/v2.10/bin/bin/../../lib\libc99-pic30-elf.a(fgtge.XX_o)
 .debug_info      0x003586         0x90 c:/program files/microchip/xc16/v2.10/bin/bin/../../lib\libc99-pic30-elf.a(fixunssfsi.XX_o)
 .debug_info      0x003616         0x8f c:/program files/microchip/xc16/v2.10/bin/bin/../../lib\libc99-pic30-elf.a(floatsisf.XX_o)
 .debug_info      0x0036a5         0x91 c:/program files/microchip/xc16/v2.10/bin/bin/../../lib\libc99-pic30-elf.a(floatunsisf.XX_o)
 .debug_info      0x003736         0x8d c:/program files/microchip/xc16/v2.10/bin/bin/../../lib\libc99-pic30-elf.a(funpack.XX_o)
 .debug_info      0x0037c3         0x8d c:/program files/microchip/xc16/v2.10/bin/bin/../../lib\libc99-pic30-elf.a(udivsi3.XX_o)
 .debug_info      0x003850         0x9d c:/program files/microchip/xc16/v2.10/bin/bin/../../lib\libc99-pic30-elf.a(addsf3x.XX_o)
 .debug_info      0x0038ed         0x9d c:/program files/microchip/xc16/v2.10/bin/bin/../../lib\libc99-pic30-elf.a(divsf3x.XX_o)
 .debug_info      0x00398a         0x9d c:/program files/microchip/xc16/v2.10/bin/bin/../../lib\libc99-pic30-elf.a(mulsf3x.XX_o)
 .debug_info      0x003a27         0xa0 c:/program files/microchip/xc16/v2.10/bin/bin/../../lib\libc99-pic30-elf.a(dnrmpackfx.XX_o)
 .debug_info      0x003ac7         0xa2 c:/program files/microchip/xc16/v2.10/bin/bin/../../lib\libc99-pic30-elf.a(unpackdnrmfx.XX_o)
 .debug_info      0x003b69         0x9c c:/program files/microchip/xc16/v2.10/bin/bin/../../lib\libc99-pic30-elf.a(typefx.XX_o)
 .debug_info      0x003c05         0x9f c:/program files/microchip/xc16/v2.10/bin/bin/../../lib\libc99-pic30-elf.a(propnanfx.XX_o)
 .debug_info      0x003ca4         0x9d c:/program files/microchip/xc16/v2.10/bin/bin/../../lib\libc99-pic30-elf.a(spackfx.XX_o)
 .debug_info      0x003d41         0x9e c:/program files/microchip/xc16/v2.10/bin/bin/../../lib\libc99-pic30-elf.a(unpackfx.XX_o)
 .debug_info      0x003ddf         0x8e c:/program files/microchip/xc16/v2.10/bin/bin/../../lib\libc99-pic30-elf.a(fcompare.XX_o)
 .debug_info      0x003e6d         0x8f c:/program files/microchip/xc16/v2.10/bin/bin/../../lib\libc99-pic30-elf.a(floatdisf.XX_o)
 .debug_info      0x003efc         0x91 c:/program files/microchip/xc16/v2.10/bin/bin/../../lib\libc99-pic30-elf.a(floatundisf.XX_o)
 .debug_info      0x003f8d         0x8b c:/program files/microchip/xc16/v2.10/bin/bin/../../lib\libc99-pic30-elf.a(fpack.XX_o)
 .debug_info      0x004018         0x8e c:/program files/microchip/xc16/v2.10/bin/bin/../../lib\libc99-pic30-elf.a(funpack2.XX_o)
 .debug_info      0x0040a6         0x8b c:/program files/microchip/xc16/v2.10/bin/bin/../../lib\libc99-pic30-elf.a(dgtge.XX_o)
 .debug_info      0x004131         0x89 c:/program files/microchip/xc16/v2.10/bin/bin/../../lib\libc99-pic30-elf.a(dne.XX_o)
 .debug_info      0x0041ba         0x90 c:/program files/microchip/xc16/v2.10/bin/bin/../../lib\libc99-pic30-elf.a(extendsfdf.XX_o)
 .debug_info      0x00424a         0x8f c:/program files/microchip/xc16/v2.10/bin/bin/../../lib\libc99-pic30-elf.a(floatsidf.XX_o)
 .debug_info      0x0042d9         0x91 c:/program files/microchip/xc16/v2.10/bin/bin/../../lib\libc99-pic30-elf.a(floatunsidf.XX_o)
 .debug_info      0x00436a         0x8f c:/program files/microchip/xc16/v2.10/bin/bin/../../lib\libc99-pic30-elf.a(truncdfsf.XX_o)
 .debug_info      0x0043f9         0x8d c:/program files/microchip/xc16/v2.10/bin/bin/../../lib\libc99-pic30-elf.a(umodsi3.XX_o)
 .debug_info      0x004486         0x8c c:/program files/microchip/xc16/v2.10/bin/bin/../../lib\libc99-pic30-elf.a(mulsi3.XX_o)
 .debug_info      0x004512         0xa9 c:/program files/microchip/xc16/v2.10/bin/bin/../../lib\libc99-pic30-elf.a(dpadd.XX_o)
 .debug_info      0x0045bb         0xa9 c:/program files/microchip/xc16/v2.10/bin/bin/../../lib\libc99-pic30-elf.a(dpdiv.XX_o)
 .debug_info      0x004664         0xa9 c:/program files/microchip/xc16/v2.10/bin/bin/../../lib\libc99-pic30-elf.a(dpmul.XX_o)
 .debug_info      0x00470d         0xaa c:/program files/microchip/xc16/v2.10/bin/bin/../../lib\libc99-pic30-elf.a(dpsubs.XX_o)
 .debug_info      0x0047b7         0x8e c:/program files/microchip/xc16/v2.10/bin/bin/../../lib\libc99-pic30-elf.a(dcompare.XX_o)
 .debug_info      0x004845         0x8b c:/program files/microchip/xc16/v2.10/bin/bin/../../lib\libc99-pic30-elf.a(dtype.XX_o)
 .debug_info      0x0048d0         0x8d c:/program files/microchip/xc16/v2.10/bin/bin/../../lib\libc99-pic30-elf.a(dunpack.XX_o)
 .debug_info      0x00495d         0x8e c:/program files/microchip/xc16/v2.10/bin/bin/../../lib\libc99-pic30-elf.a(dunpack2.XX_o)
 .debug_info      0x0049eb         0x8f c:/program files/microchip/xc16/v2.10/bin/bin/../../lib\libc99-pic30-elf.a(floatdidf.XX_o)
 .debug_info      0x004a7a         0x91 c:/program files/microchip/xc16/v2.10/bin/bin/../../lib\libc99-pic30-elf.a(floatundidf.XX_o)
 .debug_info      0x004b0b         0x8d c:/program files/microchip/xc16/v2.10/bin/bin/../../lib\libc99-pic30-elf.a(umuldi3.XX_o)
 .debug_info      0x004b98         0x8b c:/program files/microchip/xc16/v2.10/bin/bin/../../lib\libc99-pic30-elf.a(dpack.XX_o)
 .debug_info      0x004c23         0x93 c:/program files/microchip/xc16/v2.10/bin/bin/../../lib\libc99-pic30-elf.a(dpropagateNaN.XX_o)
 *(.gnu.linkonce.wi.*)

.debug_abbrev     0x000000        0x507
 *(.debug_abbrev)
 .debug_abbrev    0x000000        0x1ab build/default/production/main.o
 .debug_abbrev    0x0001ab         0x14 c:/program files/microchip/xc16/v2.10/bin/bin/../../lib\libc99-pic30-elf.a(divsi3.XX_o)
 .debug_abbrev    0x0001bf         0x14 c:/program files/microchip/xc16/v2.10/bin/bin/../../lib\libc99-pic30-elf.a(feqltle.XX_o)
 .debug_abbrev    0x0001d3         0x14 c:/program files/microchip/xc16/v2.10/bin/bin/../../lib\libc99-pic30-elf.a(fgtge.XX_o)
 .debug_abbrev    0x0001e7         0x14 c:/program files/microchip/xc16/v2.10/bin/bin/../../lib\libc99-pic30-elf.a(fixunssfsi.XX_o)
 .debug_abbrev    0x0001fb         0x14 c:/program files/microchip/xc16/v2.10/bin/bin/../../lib\libc99-pic30-elf.a(floatsisf.XX_o)
 .debug_abbrev    0x00020f         0x14 c:/program files/microchip/xc16/v2.10/bin/bin/../../lib\libc99-pic30-elf.a(floatunsisf.XX_o)
 .debug_abbrev    0x000223         0x14 c:/program files/microchip/xc16/v2.10/bin/bin/../../lib\libc99-pic30-elf.a(funpack.XX_o)
 .debug_abbrev    0x000237         0x14 c:/program files/microchip/xc16/v2.10/bin/bin/../../lib\libc99-pic30-elf.a(udivsi3.XX_o)
 .debug_abbrev    0x00024b         0x14 c:/program files/microchip/xc16/v2.10/bin/bin/../../lib\libc99-pic30-elf.a(addsf3x.XX_o)
 .debug_abbrev    0x00025f         0x14 c:/program files/microchip/xc16/v2.10/bin/bin/../../lib\libc99-pic30-elf.a(divsf3x.XX_o)
 .debug_abbrev    0x000273         0x14 c:/program files/microchip/xc16/v2.10/bin/bin/../../lib\libc99-pic30-elf.a(mulsf3x.XX_o)
 .debug_abbrev    0x000287         0x14 c:/program files/microchip/xc16/v2.10/bin/bin/../../lib\libc99-pic30-elf.a(dnrmpackfx.XX_o)
 .debug_abbrev    0x00029b         0x14 c:/program files/microchip/xc16/v2.10/bin/bin/../../lib\libc99-pic30-elf.a(unpackdnrmfx.XX_o)
 .debug_abbrev    0x0002af         0x14 c:/program files/microchip/xc16/v2.10/bin/bin/../../lib\libc99-pic30-elf.a(typefx.XX_o)
 .debug_abbrev    0x0002c3         0x14 c:/program files/microchip/xc16/v2.10/bin/bin/../../lib\libc99-pic30-elf.a(propnanfx.XX_o)
 .debug_abbrev    0x0002d7         0x14 c:/program files/microchip/xc16/v2.10/bin/bin/../../lib\libc99-pic30-elf.a(spackfx.XX_o)
 .debug_abbrev    0x0002eb         0x14 c:/program files/microchip/xc16/v2.10/bin/bin/../../lib\libc99-pic30-elf.a(unpackfx.XX_o)
 .debug_abbrev    0x0002ff         0x14 c:/program files/microchip/xc16/v2.10/bin/bin/../../lib\libc99-pic30-elf.a(fcompare.XX_o)
 .debug_abbrev    0x000313         0x14 c:/program files/microchip/xc16/v2.10/bin/bin/../../lib\libc99-pic30-elf.a(floatdisf.XX_o)
 .debug_abbrev    0x000327         0x14 c:/program files/microchip/xc16/v2.10/bin/bin/../../lib\libc99-pic30-elf.a(floatundisf.XX_o)
 .debug_abbrev    0x00033b         0x14 c:/program files/microchip/xc16/v2.10/bin/bin/../../lib\libc99-pic30-elf.a(fpack.XX_o)
 .debug_abbrev    0x00034f         0x14 c:/program files/microchip/xc16/v2.10/bin/bin/../../lib\libc99-pic30-elf.a(funpack2.XX_o)
 .debug_abbrev    0x000363         0x14 c:/program files/microchip/xc16/v2.10/bin/bin/../../lib\libc99-pic30-elf.a(dgtge.XX_o)
 .debug_abbrev    0x000377         0x14 c:/program files/microchip/xc16/v2.10/bin/bin/../../lib\libc99-pic30-elf.a(dne.XX_o)
 .debug_abbrev    0x00038b         0x14 c:/program files/microchip/xc16/v2.10/bin/bin/../../lib\libc99-pic30-elf.a(extendsfdf.XX_o)
 .debug_abbrev    0x00039f         0x14 c:/program files/microchip/xc16/v2.10/bin/bin/../../lib\libc99-pic30-elf.a(floatsidf.XX_o)
 .debug_abbrev    0x0003b3         0x14 c:/program files/microchip/xc16/v2.10/bin/bin/../../lib\libc99-pic30-elf.a(floatunsidf.XX_o)
 .debug_abbrev    0x0003c7         0x14 c:/program files/microchip/xc16/v2.10/bin/bin/../../lib\libc99-pic30-elf.a(truncdfsf.XX_o)
 .debug_abbrev    0x0003db         0x14 c:/program files/microchip/xc16/v2.10/bin/bin/../../lib\libc99-pic30-elf.a(umodsi3.XX_o)
 .debug_abbrev    0x0003ef         0x14 c:/program files/microchip/xc16/v2.10/bin/bin/../../lib\libc99-pic30-elf.a(mulsi3.XX_o)
 .debug_abbrev    0x000403         0x14 c:/program files/microchip/xc16/v2.10/bin/bin/../../lib\libc99-pic30-elf.a(dpadd.XX_o)
 .debug_abbrev    0x000417         0x14 c:/program files/microchip/xc16/v2.10/bin/bin/../../lib\libc99-pic30-elf.a(dpdiv.XX_o)
 .debug_abbrev    0x00042b         0x14 c:/program files/microchip/xc16/v2.10/bin/bin/../../lib\libc99-pic30-elf.a(dpmul.XX_o)
 .debug_abbrev    0x00043f         0x14 c:/program files/microchip/xc16/v2.10/bin/bin/../../lib\libc99-pic30-elf.a(dpsubs.XX_o)
 .debug_abbrev    0x000453         0x14 c:/program files/microchip/xc16/v2.10/bin/bin/../../lib\libc99-pic30-elf.a(dcompare.XX_o)
 .debug_abbrev    0x000467         0x14 c:/program files/microchip/xc16/v2.10/bin/bin/../../lib\libc99-pic30-elf.a(dtype.XX_o)
 .debug_abbrev    0x00047b         0x14 c:/program files/microchip/xc16/v2.10/bin/bin/../../lib\libc99-pic30-elf.a(dunpack.XX_o)
 .debug_abbrev    0x00048f         0x14 c:/program files/microchip/xc16/v2.10/bin/bin/../../lib\libc99-pic30-elf.a(dunpack2.XX_o)
 .debug_abbrev    0x0004a3         0x14 c:/program files/microchip/xc16/v2.10/bin/bin/../../lib\libc99-pic30-elf.a(floatdidf.XX_o)
 .debug_abbrev    0x0004b7         0x14 c:/program files/microchip/xc16/v2.10/bin/bin/../../lib\libc99-pic30-elf.a(floatundidf.XX_o)
 .debug_abbrev    0x0004cb         0x14 c:/program files/microchip/xc16/v2.10/bin/bin/../../lib\libc99-pic30-elf.a(umuldi3.XX_o)
 .debug_abbrev    0x0004df         0x14 c:/program files/microchip/xc16/v2.10/bin/bin/../../lib\libc99-pic30-elf.a(dpack.XX_o)
 .debug_abbrev    0x0004f3         0x14 c:/program files/microchip/xc16/v2.10/bin/bin/../../lib\libc99-pic30-elf.a(dpropagateNaN.XX_o)

.debug_line       0x000000       0x1756
 *(.debug_line)
 .debug_line      0x000000        0x549 build/default/production/main.o
 .debug_line      0x000549         0x43 c:/program files/microchip/xc16/v2.10/bin/bin/../../lib\libc99-pic30-elf.a(divsi3.XX_o)
 .debug_line      0x00058c         0x37 c:/program files/microchip/xc16/v2.10/bin/bin/../../lib\libc99-pic30-elf.a(feqltle.XX_o)
 .debug_line      0x0005c3         0x35 c:/program files/microchip/xc16/v2.10/bin/bin/../../lib\libc99-pic30-elf.a(fgtge.XX_o)
 .debug_line      0x0005f8         0x53 c:/program files/microchip/xc16/v2.10/bin/bin/../../lib\libc99-pic30-elf.a(fixunssfsi.XX_o)
 .debug_line      0x00064b         0x3a c:/program files/microchip/xc16/v2.10/bin/bin/../../lib\libc99-pic30-elf.a(floatsisf.XX_o)
 .debug_line      0x000685         0x3b c:/program files/microchip/xc16/v2.10/bin/bin/../../lib\libc99-pic30-elf.a(floatunsisf.XX_o)
 .debug_line      0x0006c0         0x4a c:/program files/microchip/xc16/v2.10/bin/bin/../../lib\libc99-pic30-elf.a(funpack.XX_o)
 .debug_line      0x00070a         0x45 c:/program files/microchip/xc16/v2.10/bin/bin/../../lib\libc99-pic30-elf.a(udivsi3.XX_o)
 .debug_line      0x00074f        0x136 c:/program files/microchip/xc16/v2.10/bin/bin/../../lib\libc99-pic30-elf.a(addsf3x.XX_o)
 .debug_line      0x000885        0x124 c:/program files/microchip/xc16/v2.10/bin/bin/../../lib\libc99-pic30-elf.a(divsf3x.XX_o)
 .debug_line      0x0009a9         0xcc c:/program files/microchip/xc16/v2.10/bin/bin/../../lib\libc99-pic30-elf.a(mulsf3x.XX_o)
 .debug_line      0x000a75         0x72 c:/program files/microchip/xc16/v2.10/bin/bin/../../lib\libc99-pic30-elf.a(dnrmpackfx.XX_o)
 .debug_line      0x000ae7         0x7a c:/program files/microchip/xc16/v2.10/bin/bin/../../lib\libc99-pic30-elf.a(unpackdnrmfx.XX_o)
 .debug_line      0x000b61         0x5e c:/program files/microchip/xc16/v2.10/bin/bin/../../lib\libc99-pic30-elf.a(typefx.XX_o)
 .debug_line      0x000bbf         0x51 c:/program files/microchip/xc16/v2.10/bin/bin/../../lib\libc99-pic30-elf.a(propnanfx.XX_o)
 .debug_line      0x000c10         0x98 c:/program files/microchip/xc16/v2.10/bin/bin/../../lib\libc99-pic30-elf.a(spackfx.XX_o)
 .debug_line      0x000ca8         0x79 c:/program files/microchip/xc16/v2.10/bin/bin/../../lib\libc99-pic30-elf.a(unpackfx.XX_o)
 .debug_line      0x000d21         0x1a c:/program files/microchip/xc16/v2.10/bin/bin/../../lib\libc99-pic30-elf.a(errno.XX_o)
 .debug_line      0x000d3b         0x53 c:/program files/microchip/xc16/v2.10/bin/bin/../../lib\libc99-pic30-elf.a(fcompare.XX_o)
 .debug_line      0x000d8e         0x47 c:/program files/microchip/xc16/v2.10/bin/bin/../../lib\libc99-pic30-elf.a(floatdisf.XX_o)
 .debug_line      0x000dd5         0x6c c:/program files/microchip/xc16/v2.10/bin/bin/../../lib\libc99-pic30-elf.a(floatundisf.XX_o)
 .debug_line      0x000e41         0x5a c:/program files/microchip/xc16/v2.10/bin/bin/../../lib\libc99-pic30-elf.a(fpack.XX_o)
 .debug_line      0x000e9b         0x3e c:/program files/microchip/xc16/v2.10/bin/bin/../../lib\libc99-pic30-elf.a(funpack2.XX_o)
 .debug_line      0x000ed9         0x38 c:/program files/microchip/xc16/v2.10/bin/bin/../../lib\libc99-pic30-elf.a(dgtge.XX_o)
 .debug_line      0x000f11         0x36 c:/program files/microchip/xc16/v2.10/bin/bin/../../lib\libc99-pic30-elf.a(dne.XX_o)
 .debug_line      0x000f47         0x59 c:/program files/microchip/xc16/v2.10/bin/bin/../../lib\libc99-pic30-elf.a(extendsfdf.XX_o)
 .debug_line      0x000fa0         0x3a c:/program files/microchip/xc16/v2.10/bin/bin/../../lib\libc99-pic30-elf.a(floatsidf.XX_o)
 .debug_line      0x000fda         0x3b c:/program files/microchip/xc16/v2.10/bin/bin/../../lib\libc99-pic30-elf.a(floatunsidf.XX_o)
 .debug_line      0x001015         0x66 c:/program files/microchip/xc16/v2.10/bin/bin/../../lib\libc99-pic30-elf.a(truncdfsf.XX_o)
 .debug_line      0x00107b         0x38 c:/program files/microchip/xc16/v2.10/bin/bin/../../lib\libc99-pic30-elf.a(umodsi3.XX_o)
 .debug_line      0x0010b3         0x3a c:/program files/microchip/xc16/v2.10/bin/bin/../../lib\libc99-pic30-elf.a(mulsi3.XX_o)
 .debug_line      0x0010ed         0xa2 c:/program files/microchip/xc16/v2.10/bin/bin/../../lib\libc99-pic30-elf.a(dpadd.XX_o)
 .debug_line      0x00118f        0x100 c:/program files/microchip/xc16/v2.10/bin/bin/../../lib\libc99-pic30-elf.a(dpdiv.XX_o)
 .debug_line      0x00128f         0xde c:/program files/microchip/xc16/v2.10/bin/bin/../../lib\libc99-pic30-elf.a(dpmul.XX_o)
 .debug_line      0x00136d         0xe8 c:/program files/microchip/xc16/v2.10/bin/bin/../../lib\libc99-pic30-elf.a(dpsubs.XX_o)
 .debug_line      0x001455         0x5f c:/program files/microchip/xc16/v2.10/bin/bin/../../lib\libc99-pic30-elf.a(dcompare.XX_o)
 .debug_line      0x0014b4         0x45 c:/program files/microchip/xc16/v2.10/bin/bin/../../lib\libc99-pic30-elf.a(dtype.XX_o)
 .debug_line      0x0014f9         0x5c c:/program files/microchip/xc16/v2.10/bin/bin/../../lib\libc99-pic30-elf.a(dunpack.XX_o)
 .debug_line      0x001555         0x53 c:/program files/microchip/xc16/v2.10/bin/bin/../../lib\libc99-pic30-elf.a(dunpack2.XX_o)
 .debug_line      0x0015a8         0x47 c:/program files/microchip/xc16/v2.10/bin/bin/../../lib\libc99-pic30-elf.a(floatdidf.XX_o)
 .debug_line      0x0015ef         0x68 c:/program files/microchip/xc16/v2.10/bin/bin/../../lib\libc99-pic30-elf.a(floatundidf.XX_o)
 .debug_line      0x001657         0x57 c:/program files/microchip/xc16/v2.10/bin/bin/../../lib\libc99-pic30-elf.a(umuldi3.XX_o)
 .debug_line      0x0016ae         0x5f c:/program files/microchip/xc16/v2.10/bin/bin/../../lib\libc99-pic30-elf.a(dpack.XX_o)
 .debug_line      0x00170d         0x49 c:/program files/microchip/xc16/v2.10/bin/bin/../../lib\libc99-pic30-elf.a(dpropagateNaN.XX_o)

.debug_frame      0x000000        0x4ae
 *(.debug_frame)
 .debug_frame     0x000000        0x4ae build/default/production/main.o

.debug_str        0x000000        0x22f
 *(.debug_str)
 .debug_str       0x000000        0x22f build/default/production/main.o

.debug_loc
 *(.debug_loc)

.debug_macinfo
 *(.debug_macinfo)

.debug_pubnames
                  0x000000        0x466
 *(.debug_pubnames)
 .debug_pubnames
                  0x000000        0x466 build/default/production/main.o

.debug_ranges
 *(.debug_ranges)

.debug_aranges    0x000000        0x578
 *(.debug_aranges)
 .debug_aranges
                  0x000000         0x18 build/default/production/main.o
 .debug_aranges
                  0x000018         0x20 c:/program files/microchip/xc16/v2.10/bin/bin/../../lib\libc99-pic30-elf.a(divsi3.XX_o)
 .debug_aranges
                  0x000038         0x20 c:/program files/microchip/xc16/v2.10/bin/bin/../../lib\libc99-pic30-elf.a(feqltle.XX_o)
 .debug_aranges
                  0x000058         0x20 c:/program files/microchip/xc16/v2.10/bin/bin/../../lib\libc99-pic30-elf.a(fgtge.XX_o)
 .debug_aranges
                  0x000078         0x20 c:/program files/microchip/xc16/v2.10/bin/bin/../../lib\libc99-pic30-elf.a(fixunssfsi.XX_o)
 .debug_aranges
                  0x000098         0x20 c:/program files/microchip/xc16/v2.10/bin/bin/../../lib\libc99-pic30-elf.a(floatsisf.XX_o)
 .debug_aranges
                  0x0000b8         0x20 c:/program files/microchip/xc16/v2.10/bin/bin/../../lib\libc99-pic30-elf.a(floatunsisf.XX_o)
 .debug_aranges
                  0x0000d8         0x20 c:/program files/microchip/xc16/v2.10/bin/bin/../../lib\libc99-pic30-elf.a(funpack.XX_o)
 .debug_aranges
                  0x0000f8         0x20 c:/program files/microchip/xc16/v2.10/bin/bin/../../lib\libc99-pic30-elf.a(udivsi3.XX_o)
 .debug_aranges
                  0x000118         0x20 c:/program files/microchip/xc16/v2.10/bin/bin/../../lib\libc99-pic30-elf.a(addsf3x.XX_o)
 .debug_aranges
                  0x000138         0x20 c:/program files/microchip/xc16/v2.10/bin/bin/../../lib\libc99-pic30-elf.a(divsf3x.XX_o)
 .debug_aranges
                  0x000158         0x20 c:/program files/microchip/xc16/v2.10/bin/bin/../../lib\libc99-pic30-elf.a(mulsf3x.XX_o)
 .debug_aranges
                  0x000178         0x20 c:/program files/microchip/xc16/v2.10/bin/bin/../../lib\libc99-pic30-elf.a(dnrmpackfx.XX_o)
 .debug_aranges
                  0x000198         0x20 c:/program files/microchip/xc16/v2.10/bin/bin/../../lib\libc99-pic30-elf.a(unpackdnrmfx.XX_o)
 .debug_aranges
                  0x0001b8         0x20 c:/program files/microchip/xc16/v2.10/bin/bin/../../lib\libc99-pic30-elf.a(typefx.XX_o)
 .debug_aranges
                  0x0001d8         0x20 c:/program files/microchip/xc16/v2.10/bin/bin/../../lib\libc99-pic30-elf.a(propnanfx.XX_o)
 .debug_aranges
                  0x0001f8         0x20 c:/program files/microchip/xc16/v2.10/bin/bin/../../lib\libc99-pic30-elf.a(spackfx.XX_o)
 .debug_aranges
                  0x000218         0x20 c:/program files/microchip/xc16/v2.10/bin/bin/../../lib\libc99-pic30-elf.a(unpackfx.XX_o)
 .debug_aranges
                  0x000238         0x20 c:/program files/microchip/xc16/v2.10/bin/bin/../../lib\libc99-pic30-elf.a(fcompare.XX_o)
 .debug_aranges
                  0x000258         0x20 c:/program files/microchip/xc16/v2.10/bin/bin/../../lib\libc99-pic30-elf.a(floatdisf.XX_o)
 .debug_aranges
                  0x000278         0x20 c:/program files/microchip/xc16/v2.10/bin/bin/../../lib\libc99-pic30-elf.a(floatundisf.XX_o)
 .debug_aranges
                  0x000298         0x20 c:/program files/microchip/xc16/v2.10/bin/bin/../../lib\libc99-pic30-elf.a(fpack.XX_o)
 .debug_aranges
                  0x0002b8         0x20 c:/program files/microchip/xc16/v2.10/bin/bin/../../lib\libc99-pic30-elf.a(funpack2.XX_o)
 .debug_aranges
                  0x0002d8         0x20 c:/program files/microchip/xc16/v2.10/bin/bin/../../lib\libc99-pic30-elf.a(dgtge.XX_o)
 .debug_aranges
                  0x0002f8         0x20 c:/program files/microchip/xc16/v2.10/bin/bin/../../lib\libc99-pic30-elf.a(dne.XX_o)
 .debug_aranges
                  0x000318         0x20 c:/program files/microchip/xc16/v2.10/bin/bin/../../lib\libc99-pic30-elf.a(extendsfdf.XX_o)
 .debug_aranges
                  0x000338         0x20 c:/program files/microchip/xc16/v2.10/bin/bin/../../lib\libc99-pic30-elf.a(floatsidf.XX_o)
 .debug_aranges
                  0x000358         0x20 c:/program files/microchip/xc16/v2.10/bin/bin/../../lib\libc99-pic30-elf.a(floatunsidf.XX_o)
 .debug_aranges
                  0x000378         0x20 c:/program files/microchip/xc16/v2.10/bin/bin/../../lib\libc99-pic30-elf.a(truncdfsf.XX_o)
 .debug_aranges
                  0x000398         0x20 c:/program files/microchip/xc16/v2.10/bin/bin/../../lib\libc99-pic30-elf.a(umodsi3.XX_o)
 .debug_aranges
                  0x0003b8         0x20 c:/program files/microchip/xc16/v2.10/bin/bin/../../lib\libc99-pic30-elf.a(mulsi3.XX_o)
 .debug_aranges
                  0x0003d8         0x20 c:/program files/microchip/xc16/v2.10/bin/bin/../../lib\libc99-pic30-elf.a(dpadd.XX_o)
 .debug_aranges
                  0x0003f8         0x20 c:/program files/microchip/xc16/v2.10/bin/bin/../../lib\libc99-pic30-elf.a(dpdiv.XX_o)
 .debug_aranges
                  0x000418         0x20 c:/program files/microchip/xc16/v2.10/bin/bin/../../lib\libc99-pic30-elf.a(dpmul.XX_o)
 .debug_aranges
                  0x000438         0x20 c:/program files/microchip/xc16/v2.10/bin/bin/../../lib\libc99-pic30-elf.a(dpsubs.XX_o)
 .debug_aranges
                  0x000458         0x20 c:/program files/microchip/xc16/v2.10/bin/bin/../../lib\libc99-pic30-elf.a(dcompare.XX_o)
 .debug_aranges
                  0x000478         0x20 c:/program files/microchip/xc16/v2.10/bin/bin/../../lib\libc99-pic30-elf.a(dtype.XX_o)
 .debug_aranges
                  0x000498         0x20 c:/program files/microchip/xc16/v2.10/bin/bin/../../lib\libc99-pic30-elf.a(dunpack.XX_o)
 .debug_aranges
                  0x0004b8         0x20 c:/program files/microchip/xc16/v2.10/bin/bin/../../lib\libc99-pic30-elf.a(dunpack2.XX_o)
 .debug_aranges
                  0x0004d8         0x20 c:/program files/microchip/xc16/v2.10/bin/bin/../../lib\libc99-pic30-elf.a(floatdidf.XX_o)
 .debug_aranges
                  0x0004f8         0x20 c:/program files/microchip/xc16/v2.10/bin/bin/../../lib\libc99-pic30-elf.a(floatundidf.XX_o)
 .debug_aranges
                  0x000518         0x20 c:/program files/microchip/xc16/v2.10/bin/bin/../../lib\libc99-pic30-elf.a(umuldi3.XX_o)
 .debug_aranges
                  0x000538         0x20 c:/program files/microchip/xc16/v2.10/bin/bin/../../lib\libc99-pic30-elf.a(dpack.XX_o)
 .debug_aranges
                  0x000558         0x20 c:/program files/microchip/xc16/v2.10/bin/bin/../../lib\libc99-pic30-elf.a(dpropagateNaN.XX_o)
                    0x0000                  WREG0 = 0x0
                    0x0000                  _WREG0 = 0x0
                    0x0002                  WREG1 = 0x2
                    0x0002                  _WREG1 = 0x2
                    0x0004                  WREG2 = 0x4
                    0x0004                  _WREG2 = 0x4
                    0x0006                  WREG3 = 0x6
                    0x0006                  _WREG3 = 0x6
                    0x0008                  WREG4 = 0x8
                    0x0008                  _WREG4 = 0x8
                    0x000a                  WREG5 = 0xa
                    0x000a                  _WREG5 = 0xa
                    0x000c                  WREG6 = 0xc
                    0x000c                  _WREG6 = 0xc
                    0x000e                  WREG7 = 0xe
                    0x000e                  _WREG7 = 0xe
                    0x0010                  WREG8 = 0x10
                    0x0010                  _WREG8 = 0x10
                    0x0012                  WREG9 = 0x12
                    0x0012                  _WREG9 = 0x12
                    0x0014                  WREG10 = 0x14
                    0x0014                  _WREG10 = 0x14
                    0x0016                  WREG11 = 0x16
                    0x0016                  _WREG11 = 0x16
                    0x0018                  WREG12 = 0x18
                    0x0018                  _WREG12 = 0x18
                    0x001a                  WREG13 = 0x1a
                    0x001a                  _WREG13 = 0x1a
                    0x001c                  WREG14 = 0x1c
                    0x001c                  _WREG14 = 0x1c
                    0x001e                  WREG15 = 0x1e
                    0x001e                  _WREG15 = 0x1e
                    0x0020                  SPLIM = 0x20
                    0x0020                  _SPLIM = 0x20
                    0x0022                  ACCAL = 0x22
                    0x0022                  _ACCAL = 0x22
                    0x0024                  ACCAH = 0x24
                    0x0024                  _ACCAH = 0x24
                    0x0026                  ACCAU = 0x26
                    0x0026                  _ACCAU = 0x26
                    0x0028                  ACCBL = 0x28
                    0x0028                  _ACCBL = 0x28
                    0x002a                  ACCBH = 0x2a
                    0x002a                  _ACCBH = 0x2a
                    0x002c                  ACCBU = 0x2c
                    0x002c                  _ACCBU = 0x2c
                    0x002e                  PCL = 0x2e
                    0x002e                  _PCL = 0x2e
                    0x0030                  PCH = 0x30
                    0x0030                  _PCH = 0x30
                    0x0032                  TBLPAG = 0x32
                    0x0032                  _TBLPAG = 0x32
                    0x0034                  PSVPAG = 0x34
                    0x0034                  _PSVPAG = 0x34
                    0x0036                  RCOUNT = 0x36
                    0x0036                  _RCOUNT = 0x36
                    0x0038                  DCOUNT = 0x38
                    0x0038                  _DCOUNT = 0x38
                    0x003a                  DOSTARTL = 0x3a
                    0x003a                  _DOSTARTL = 0x3a
                    0x003c                  DOSTARTH = 0x3c
                    0x003c                  _DOSTARTH = 0x3c
                    0x003e                  DOENDL = 0x3e
                    0x003e                  _DOENDL = 0x3e
                    0x0040                  DOENDH = 0x40
                    0x0040                  _DOENDH = 0x40
                    0x0042                  SR = 0x42
                    0x0042                  _SR = 0x42
                    0x0042                  _SRbits = 0x42
                    0x0044                  CORCON = 0x44
                    0x0044                  _CORCON = 0x44
                    0x0044                  _CORCONbits = 0x44
                    0x0046                  MODCON = 0x46
                    0x0046                  _MODCON = 0x46
                    0x0046                  _MODCONbits = 0x46
                    0x0048                  XMODSRT = 0x48
                    0x0048                  _XMODSRT = 0x48
                    0x004a                  XMODEND = 0x4a
                    0x004a                  _XMODEND = 0x4a
                    0x004c                  YMODSRT = 0x4c
                    0x004c                  _YMODSRT = 0x4c
                    0x004e                  YMODEND = 0x4e
                    0x004e                  _YMODEND = 0x4e
                    0x0050                  XBREV = 0x50
                    0x0050                  _XBREV = 0x50
                    0x0050                  _XBREVbits = 0x50
                    0x0052                  DISICNT = 0x52
                    0x0052                  _DISICNT = 0x52
                    0x0052                  _DISICNTbits = 0x52
                    0x0080                  INTCON1 = 0x80
                    0x0080                  _INTCON1 = 0x80
                    0x0080                  _INTCON1bits = 0x80
                    0x0082                  INTCON2 = 0x82
                    0x0082                  _INTCON2 = 0x82
                    0x0082                  _INTCON2bits = 0x82
                    0x0084                  IFS0 = 0x84
                    0x0084                  _IFS0 = 0x84
                    0x0084                  _IFS0bits = 0x84
                    0x0086                  IFS1 = 0x86
                    0x0086                  _IFS1 = 0x86
                    0x0086                  _IFS1bits = 0x86
                    0x0088                  IFS2 = 0x88
                    0x0088                  _IFS2 = 0x88
                    0x0088                  _IFS2bits = 0x88
                    0x008c                  IEC0 = 0x8c
                    0x008c                  _IEC0 = 0x8c
                    0x008c                  _IEC0bits = 0x8c
                    0x008e                  IEC1 = 0x8e
                    0x008e                  _IEC1 = 0x8e
                    0x008e                  _IEC1bits = 0x8e
                    0x0090                  IEC2 = 0x90
                    0x0090                  _IEC2 = 0x90
                    0x0090                  _IEC2bits = 0x90
                    0x0094                  IPC0 = 0x94
                    0x0094                  _IPC0 = 0x94
                    0x0094                  _IPC0bits = 0x94
                    0x0096                  IPC1 = 0x96
                    0x0096                  _IPC1 = 0x96
                    0x0096                  _IPC1bits = 0x96
                    0x0098                  IPC2 = 0x98
                    0x0098                  _IPC2 = 0x98
                    0x0098                  _IPC2bits = 0x98
                    0x009a                  IPC3 = 0x9a
                    0x009a                  _IPC3 = 0x9a
                    0x009a                  _IPC3bits = 0x9a
                    0x009c                  IPC4 = 0x9c
                    0x009c                  _IPC4 = 0x9c
                    0x009c                  _IPC4bits = 0x9c
                    0x009e                  IPC5 = 0x9e
                    0x009e                  _IPC5 = 0x9e
                    0x009e                  _IPC5bits = 0x9e
                    0x00a0                  IPC6 = 0xa0
                    0x00a0                  _IPC6 = 0xa0
                    0x00a0                  _IPC6bits = 0xa0
                    0x00a8                  IPC10 = 0xa8
                    0x00a8                  _IPC10 = 0xa8
                    0x00a8                  _IPC10bits = 0xa8
                    0x00b0                  INTTREG = 0xb0
                    0x00b0                  _INTTREG = 0xb0
                    0x00b0                  _INTTREGbits = 0xb0
                    0x00c0                  CNEN1 = 0xc0
                    0x00c0                  _CNEN1 = 0xc0
                    0x00c0                  _CNEN1bits = 0xc0
                    0x00c2                  CNEN2 = 0xc2
                    0x00c2                  _CNEN2 = 0xc2
                    0x00c2                  _CNEN2bits = 0xc2
                    0x00c4                  CNPU1 = 0xc4
                    0x00c4                  _CNPU1 = 0xc4
                    0x00c4                  _CNPU1bits = 0xc4
                    0x00c6                  CNPU2 = 0xc6
                    0x00c6                  _CNPU2 = 0xc6
                    0x00c6                  _CNPU2bits = 0xc6
                    0x0100                  TMR1 = 0x100
                    0x0100                  _TMR1 = 0x100
                    0x0102                  PR1 = 0x102
                    0x0102                  _PR1 = 0x102
                    0x0104                  T1CON = 0x104
                    0x0104                  _T1CON = 0x104
                    0x0104                  _T1CONbits = 0x104
                    0x0106                  TMR2 = 0x106
                    0x0106                  _TMR2 = 0x106
                    0x0108                  TMR3HLD = 0x108
                    0x0108                  _TMR3HLD = 0x108
                    0x010a                  TMR3 = 0x10a
                    0x010a                  _TMR3 = 0x10a
                    0x010c                  PR2 = 0x10c
                    0x010c                  _PR2 = 0x10c
                    0x010e                  PR3 = 0x10e
                    0x010e                  _PR3 = 0x10e
                    0x0110                  T2CON = 0x110
                    0x0110                  _T2CON = 0x110
                    0x0110                  _T2CONbits = 0x110
                    0x0112                  T3CON = 0x112
                    0x0112                  _T3CON = 0x112
                    0x0112                  _T3CONbits = 0x112
                    0x0114                  TMR4 = 0x114
                    0x0114                  _TMR4 = 0x114
                    0x0116                  TMR5HLD = 0x116
                    0x0116                  _TMR5HLD = 0x116
                    0x0118                  TMR5 = 0x118
                    0x0118                  _TMR5 = 0x118
                    0x011a                  PR4 = 0x11a
                    0x011a                  _PR4 = 0x11a
                    0x011c                  PR5 = 0x11c
                    0x011c                  _PR5 = 0x11c
                    0x011e                  T4CON = 0x11e
                    0x011e                  _T4CON = 0x11e
                    0x011e                  _T4CONbits = 0x11e
                    0x0120                  T5CON = 0x120
                    0x0120                  _T5CON = 0x120
                    0x0120                  _T5CONbits = 0x120
                    0x0140                  IC1BUF = 0x140
                    0x0140                  _IC1BUF = 0x140
                    0x0142                  IC1CON = 0x142
                    0x0142                  _IC1CON = 0x142
                    0x0142                  _IC1CONbits = 0x142
                    0x0144                  IC2BUF = 0x144
                    0x0144                  _IC2BUF = 0x144
                    0x0146                  IC2CON = 0x146
                    0x0146                  _IC2CON = 0x146
                    0x0146                  _IC2CONbits = 0x146
                    0x0158                  IC7BUF = 0x158
                    0x0158                  _IC7BUF = 0x158
                    0x015a                  IC7CON = 0x15a
                    0x015a                  _IC7CON = 0x15a
                    0x015a                  _IC7CONbits = 0x15a
                    0x015c                  IC8BUF = 0x15c
                    0x015c                  _IC8BUF = 0x15c
                    0x015e                  IC8CON = 0x15e
                    0x015e                  _IC8CON = 0x15e
                    0x015e                  _IC8CONbits = 0x15e
                    0x0180                  OC1RS = 0x180
                    0x0180                  _OC1RS = 0x180
                    0x0182                  OC1R = 0x182
                    0x0182                  _OC1R = 0x182
                    0x0184                  OC1CON = 0x184
                    0x0184                  _OC1CON = 0x184
                    0x0184                  _OC1CONbits = 0x184
                    0x0186                  OC2RS = 0x186
                    0x0186                  _OC2RS = 0x186
                    0x0188                  OC2R = 0x188
                    0x0188                  _OC2R = 0x188
                    0x018a                  OC2CON = 0x18a
                    0x018a                  _OC2CON = 0x18a
                    0x018a                  _OC2CONbits = 0x18a
                    0x018c                  OC3RS = 0x18c
                    0x018c                  _OC3RS = 0x18c
                    0x018e                  OC3R = 0x18e
                    0x018e                  _OC3R = 0x18e
                    0x0190                  OC3CON = 0x190
                    0x0190                  _OC3CON = 0x190
                    0x0190                  _OC3CONbits = 0x190
                    0x0192                  OC4RS = 0x192
                    0x0192                  _OC4RS = 0x192
                    0x0194                  OC4R = 0x194
                    0x0194                  _OC4R = 0x194
                    0x0196                  OC4CON = 0x196
                    0x0196                  _OC4CON = 0x196
                    0x0196                  _OC4CONbits = 0x196
                    0x0200                  I2CRCV = 0x200
                    0x0200                  _I2CRCV = 0x200
                    0x0200                  _I2CRCVbits = 0x200
                    0x0202                  I2CTRN = 0x202
                    0x0202                  _I2CTRN = 0x202
                    0x0202                  _I2CTRNbits = 0x202
                    0x0204                  I2CBRG = 0x204
                    0x0204                  _I2CBRG = 0x204
                    0x0204                  _I2CBRGbits = 0x204
                    0x0206                  I2CCON = 0x206
                    0x0206                  _I2CCON = 0x206
                    0x0206                  _I2CCONbits = 0x206
                    0x0208                  I2CSTAT = 0x208
                    0x0208                  _I2CSTAT = 0x208
                    0x0208                  _I2CSTATbits = 0x208
                    0x020a                  I2CADD = 0x20a
                    0x020a                  _I2CADD = 0x20a
                    0x020a                  _I2CADDbits = 0x20a
                    0x020c                  U1MODE = 0x20c
                    0x020c                  _U1MODE = 0x20c
                    0x020c                  _U1MODEbits = 0x20c
                    0x020e                  U1STA = 0x20e
                    0x020e                  _U1STA = 0x20e
                    0x020e                  _U1STAbits = 0x20e
                    0x0210                  U1TXREG = 0x210
                    0x0210                  _U1TXREG = 0x210
                    0x0210                  _U1TXREGbits = 0x210
                    0x0212                  U1RXREG = 0x212
                    0x0212                  _U1RXREG = 0x212
                    0x0212                  _U1RXREGbits = 0x212
                    0x0214                  U1BRG = 0x214
                    0x0214                  _U1BRG = 0x214
                    0x0216                  U2MODE = 0x216
                    0x0216                  _U2MODE = 0x216
                    0x0216                  _U2MODEbits = 0x216
                    0x0218                  U2STA = 0x218
                    0x0218                  _U2STA = 0x218
                    0x0218                  _U2STAbits = 0x218
                    0x021a                  U2TXREG = 0x21a
                    0x021a                  _U2TXREG = 0x21a
                    0x021a                  _U2TXREGbits = 0x21a
                    0x021c                  U2RXREG = 0x21c
                    0x021c                  _U2RXREG = 0x21c
                    0x021c                  _U2RXREGbits = 0x21c
                    0x021e                  U2BRG = 0x21e
                    0x021e                  _U2BRG = 0x21e
                    0x0220                  SPI1STAT = 0x220
                    0x0220                  _SPI1STAT = 0x220
                    0x0220                  _SPI1STATbits = 0x220
                    0x0222                  SPI1CON = 0x222
                    0x0222                  _SPI1CON = 0x222
                    0x0222                  _SPI1CONbits = 0x222
                    0x0224                  SPI1BUF = 0x224
                    0x0224                  _SPI1BUF = 0x224
                    0x0240                  DCICON1 = 0x240
                    0x0240                  _DCICON1 = 0x240
                    0x0240                  _DCICON1bits = 0x240
                    0x0242                  DCICON2 = 0x242
                    0x0242                  _DCICON2 = 0x242
                    0x0242                  _DCICON2bits = 0x242
                    0x0244                  DCICON3 = 0x244
                    0x0244                  _DCICON3 = 0x244
                    0x0244                  _DCICON3bits = 0x244
                    0x0246                  DCISTAT = 0x246
                    0x0246                  _DCISTAT = 0x246
                    0x0246                  _DCISTATbits = 0x246
                    0x0248                  TSCON = 0x248
                    0x0248                  _TSCON = 0x248
                    0x0248                  _TSCONbits = 0x248
                    0x024c                  RSCON = 0x24c
                    0x024c                  _RSCON = 0x24c
                    0x024c                  _RSCONbits = 0x24c
                    0x0250                  RXBUF0 = 0x250
                    0x0250                  _RXBUF0 = 0x250
                    0x0252                  RXBUF1 = 0x252
                    0x0252                  _RXBUF1 = 0x252
                    0x0254                  RXBUF2 = 0x254
                    0x0254                  _RXBUF2 = 0x254
                    0x0256                  RXBUF3 = 0x256
                    0x0256                  _RXBUF3 = 0x256
                    0x0258                  TXBUF0 = 0x258
                    0x0258                  _TXBUF0 = 0x258
                    0x025a                  TXBUF1 = 0x25a
                    0x025a                  _TXBUF1 = 0x25a
                    0x025c                  TXBUF2 = 0x25c
                    0x025c                  _TXBUF2 = 0x25c
                    0x025e                  TXBUF3 = 0x25e
                    0x025e                  _TXBUF3 = 0x25e
                    0x0280                  ADCBUF0 = 0x280
                    0x0280                  _ADCBUF0 = 0x280
                    0x0282                  ADCBUF1 = 0x282
                    0x0282                  _ADCBUF1 = 0x282
                    0x0284                  ADCBUF2 = 0x284
                    0x0284                  _ADCBUF2 = 0x284
                    0x0286                  ADCBUF3 = 0x286
                    0x0286                  _ADCBUF3 = 0x286
                    0x0288                  ADCBUF4 = 0x288
                    0x0288                  _ADCBUF4 = 0x288
                    0x028a                  ADCBUF5 = 0x28a
                    0x028a                  _ADCBUF5 = 0x28a
                    0x028c                  ADCBUF6 = 0x28c
                    0x028c                  _ADCBUF6 = 0x28c
                    0x028e                  ADCBUF7 = 0x28e
                    0x028e                  _ADCBUF7 = 0x28e
                    0x0290                  ADCBUF8 = 0x290
                    0x0290                  _ADCBUF8 = 0x290
                    0x0292                  ADCBUF9 = 0x292
                    0x0292                  _ADCBUF9 = 0x292
                    0x0294                  ADCBUFA = 0x294
                    0x0294                  _ADCBUFA = 0x294
                    0x0296                  ADCBUFB = 0x296
                    0x0296                  _ADCBUFB = 0x296
                    0x0298                  ADCBUFC = 0x298
                    0x0298                  _ADCBUFC = 0x298
                    0x029a                  ADCBUFD = 0x29a
                    0x029a                  _ADCBUFD = 0x29a
                    0x029c                  ADCBUFE = 0x29c
                    0x029c                  _ADCBUFE = 0x29c
                    0x029e                  ADCBUFF = 0x29e
                    0x029e                  _ADCBUFF = 0x29e
                    0x02a0                  ADCON1 = 0x2a0
                    0x02a0                  _ADCON1 = 0x2a0
                    0x02a0                  _ADCON1bits = 0x2a0
                    0x02a2                  ADCON2 = 0x2a2
                    0x02a2                  _ADCON2 = 0x2a2
                    0x02a2                  _ADCON2bits = 0x2a2
                    0x02a4                  ADCON3 = 0x2a4
                    0x02a4                  _ADCON3 = 0x2a4
                    0x02a4                  _ADCON3bits = 0x2a4
                    0x02a6                  ADCHS = 0x2a6
                    0x02a6                  _ADCHS = 0x2a6
                    0x02a6                  _ADCHSbits = 0x2a6
                    0x02a8                  ADPCFG = 0x2a8
                    0x02a8                  _ADPCFG = 0x2a8
                    0x02a8                  _ADPCFGbits = 0x2a8
                    0x02aa                  ADCSSL = 0x2aa
                    0x02aa                  _ADCSSL = 0x2aa
                    0x02aa                  _ADCSSLbits = 0x2aa
                    0x02c0                  TRISA = 0x2c0
                    0x02c0                  _TRISA = 0x2c0
                    0x02c0                  _TRISAbits = 0x2c0
                    0x02c2                  PORTA = 0x2c2
                    0x02c2                  _PORTA = 0x2c2
                    0x02c2                  _PORTAbits = 0x2c2
                    0x02c4                  LATA = 0x2c4
                    0x02c4                  _LATA = 0x2c4
                    0x02c4                  _LATAbits = 0x2c4
                    0x02c6                  TRISB = 0x2c6
                    0x02c6                  _TRISB = 0x2c6
                    0x02c6                  _TRISBbits = 0x2c6
                    0x02c8                  PORTB = 0x2c8
                    0x02c8                  _PORTB = 0x2c8
                    0x02c8                  _PORTBbits = 0x2c8
                    0x02ca                  LATB = 0x2ca
                    0x02ca                  _LATB = 0x2ca
                    0x02ca                  _LATBbits = 0x2ca
                    0x02cc                  TRISC = 0x2cc
                    0x02cc                  _TRISC = 0x2cc
                    0x02cc                  _TRISCbits = 0x2cc
                    0x02ce                  PORTC = 0x2ce
                    0x02ce                  _PORTC = 0x2ce
                    0x02ce                  _PORTCbits = 0x2ce
                    0x02d0                  LATC = 0x2d0
                    0x02d0                  _LATC = 0x2d0
                    0x02d0                  _LATCbits = 0x2d0
                    0x02d2                  TRISD = 0x2d2
                    0x02d2                  _TRISD = 0x2d2
                    0x02d2                  _TRISDbits = 0x2d2
                    0x02d4                  PORTD = 0x2d4
                    0x02d4                  _PORTD = 0x2d4
                    0x02d4                  _PORTDbits = 0x2d4
                    0x02d6                  LATD = 0x2d6
                    0x02d6                  _LATD = 0x2d6
                    0x02d6                  _LATDbits = 0x2d6
                    0x02de                  TRISF = 0x2de
                    0x02de                  _TRISF = 0x2de
                    0x02de                  _TRISFbits = 0x2de
                    0x02e0                  PORTF = 0x2e0
                    0x02e0                  _PORTF = 0x2e0
                    0x02e0                  _PORTFbits = 0x2e0
                    0x02e2                  LATF = 0x2e2
                    0x02e2                  _LATF = 0x2e2
                    0x02e2                  _LATFbits = 0x2e2
                    0x0300                  C1RXF0SID = 0x300
                    0x0300                  _C1RXF0SID = 0x300
                    0x0300                  _C1RXF0SIDbits = 0x300
                    0x0302                  C1RXF0EIDH = 0x302
                    0x0302                  _C1RXF0EIDH = 0x302
                    0x0302                  _C1RXF0EIDHbits = 0x302
                    0x0304                  C1RXF0EIDL = 0x304
                    0x0304                  _C1RXF0EIDL = 0x304
                    0x0304                  _C1RXF0EIDLbits = 0x304
                    0x0308                  C1RXF1SID = 0x308
                    0x0308                  _C1RXF1SID = 0x308
                    0x0308                  _C1RXF1SIDbits = 0x308
                    0x030a                  C1RXF1EIDH = 0x30a
                    0x030a                  _C1RXF1EIDH = 0x30a
                    0x030a                  _C1RXF1EIDHbits = 0x30a
                    0x030c                  C1RXF1EIDL = 0x30c
                    0x030c                  _C1RXF1EIDL = 0x30c
                    0x030c                  _C1RXF1EIDLbits = 0x30c
                    0x0310                  C1RXF2SID = 0x310
                    0x0310                  _C1RXF2SID = 0x310
                    0x0310                  _C1RXF2SIDbits = 0x310
                    0x0312                  C1RXF2EIDH = 0x312
                    0x0312                  _C1RXF2EIDH = 0x312
                    0x0312                  _C1RXF2EIDHbits = 0x312
                    0x0314                  C1RXF2EIDL = 0x314
                    0x0314                  _C1RXF2EIDL = 0x314
                    0x0314                  _C1RXF2EIDLbits = 0x314
                    0x0318                  C1RXF3SID = 0x318
                    0x0318                  _C1RXF3SID = 0x318
                    0x0318                  _C1RXF3SIDbits = 0x318
                    0x031a                  C1RXF3EIDH = 0x31a
                    0x031a                  _C1RXF3EIDH = 0x31a
                    0x031a                  _C1RXF3EIDHbits = 0x31a
                    0x031c                  C1RXF3EIDL = 0x31c
                    0x031c                  _C1RXF3EIDL = 0x31c
                    0x031c                  _C1RXF3EIDLbits = 0x31c
                    0x0320                  C1RXF4SID = 0x320
                    0x0320                  _C1RXF4SID = 0x320
                    0x0320                  _C1RXF4SIDbits = 0x320
                    0x0322                  C1RXF4EIDH = 0x322
                    0x0322                  _C1RXF4EIDH = 0x322
                    0x0322                  _C1RXF4EIDHbits = 0x322
                    0x0324                  C1RXF4EIDL = 0x324
                    0x0324                  _C1RXF4EIDL = 0x324
                    0x0324                  _C1RXF4EIDLbits = 0x324
                    0x0328                  C1RXF5SID = 0x328
                    0x0328                  _C1RXF5SID = 0x328
                    0x0328                  _C1RXF5SIDbits = 0x328
                    0x032a                  C1RXF5EIDH = 0x32a
                    0x032a                  _C1RXF5EIDH = 0x32a
                    0x032a                  _C1RXF5EIDHbits = 0x32a
                    0x032c                  C1RXF5EIDL = 0x32c
                    0x032c                  _C1RXF5EIDL = 0x32c
                    0x032c                  _C1RXF5EIDLbits = 0x32c
                    0x0330                  C1RXM0SID = 0x330
                    0x0330                  _C1RXM0SID = 0x330
                    0x0330                  _C1RXM0SIDbits = 0x330
                    0x0332                  C1RXM0EIDH = 0x332
                    0x0332                  _C1RXM0EIDH = 0x332
                    0x0332                  _C1RXM0EIDHbits = 0x332
                    0x0334                  C1RXM0EIDL = 0x334
                    0x0334                  _C1RXM0EIDL = 0x334
                    0x0334                  _C1RXM0EIDLbits = 0x334
                    0x0338                  C1RXM1SID = 0x338
                    0x0338                  _C1RXM1SID = 0x338
                    0x0338                  _C1RXM1SIDbits = 0x338
                    0x033a                  C1RXM1EIDH = 0x33a
                    0x033a                  _C1RXM1EIDH = 0x33a
                    0x033a                  _C1RXM1EIDHbits = 0x33a
                    0x033c                  C1RXM1EIDL = 0x33c
                    0x033c                  _C1RXM1EIDL = 0x33c
                    0x033c                  _C1RXM1EIDLbits = 0x33c
                    0x0340                  C1TX2SID = 0x340
                    0x0340                  _C1TX2SID = 0x340
                    0x0340                  _C1TX2SIDbits = 0x340
                    0x0342                  C1TX2EID = 0x342
                    0x0342                  _C1TX2EID = 0x342
                    0x0342                  _C1TX2EIDbits = 0x342
                    0x0344                  C1TX2DLC = 0x344
                    0x0344                  _C1TX2DLC = 0x344
                    0x0344                  _C1TX2DLCbits = 0x344
                    0x0346                  C1TX2B1 = 0x346
                    0x0346                  _C1TX2B1 = 0x346
                    0x0346                  _C1TX2B1bits = 0x346
                    0x0348                  C1TX2B2 = 0x348
                    0x0348                  _C1TX2B2 = 0x348
                    0x0348                  _C1TX2B2bits = 0x348
                    0x034a                  C1TX2B3 = 0x34a
                    0x034a                  _C1TX2B3 = 0x34a
                    0x034a                  _C1TX2B3bits = 0x34a
                    0x034c                  C1TX2B4 = 0x34c
                    0x034c                  _C1TX2B4 = 0x34c
                    0x034c                  _C1TX2B4bits = 0x34c
                    0x034e                  C1TX2CON = 0x34e
                    0x034e                  _C1TX2CON = 0x34e
                    0x034e                  _C1TX2CONbits = 0x34e
                    0x0350                  C1TX1SID = 0x350
                    0x0350                  _C1TX1SID = 0x350
                    0x0350                  _C1TX1SIDbits = 0x350
                    0x0352                  C1TX1EID = 0x352
                    0x0352                  _C1TX1EID = 0x352
                    0x0352                  _C1TX1EIDbits = 0x352
                    0x0354                  C1TX1DLC = 0x354
                    0x0354                  _C1TX1DLC = 0x354
                    0x0354                  _C1TX1DLCbits = 0x354
                    0x0356                  C1TX1B1 = 0x356
                    0x0356                  _C1TX1B1 = 0x356
                    0x0356                  _C1TX1B1bits = 0x356
                    0x0358                  C1TX1B2 = 0x358
                    0x0358                  _C1TX1B2 = 0x358
                    0x0358                  _C1TX1B2bits = 0x358
                    0x035a                  C1TX1B3 = 0x35a
                    0x035a                  _C1TX1B3 = 0x35a
                    0x035a                  _C1TX1B3bits = 0x35a
                    0x035c                  C1TX1B4 = 0x35c
                    0x035c                  _C1TX1B4 = 0x35c
                    0x035c                  _C1TX1B4bits = 0x35c
                    0x035e                  C1TX1CON = 0x35e
                    0x035e                  _C1TX1CON = 0x35e
                    0x035e                  _C1TX1CONbits = 0x35e
                    0x0360                  C1TX0SID = 0x360
                    0x0360                  _C1TX0SID = 0x360
                    0x0360                  _C1TX0SIDbits = 0x360
                    0x0362                  C1TX0EID = 0x362
                    0x0362                  _C1TX0EID = 0x362
                    0x0362                  _C1TX0EIDbits = 0x362
                    0x0364                  C1TX0DLC = 0x364
                    0x0364                  _C1TX0DLC = 0x364
                    0x0364                  _C1TX0DLCbits = 0x364
                    0x0366                  C1TX0B1 = 0x366
                    0x0366                  _C1TX0B1 = 0x366
                    0x0366                  _C1TX0B1bits = 0x366
                    0x0368                  C1TX0B2 = 0x368
                    0x0368                  _C1TX0B2 = 0x368
                    0x0368                  _C1TX0B2bits = 0x368
                    0x036a                  C1TX0B3 = 0x36a
                    0x036a                  _C1TX0B3 = 0x36a
                    0x036a                  _C1TX0B3bits = 0x36a
                    0x036c                  C1TX0B4 = 0x36c
                    0x036c                  _C1TX0B4 = 0x36c
                    0x036c                  _C1TX0B4bits = 0x36c
                    0x036e                  C1TX0CON = 0x36e
                    0x036e                  _C1TX0CON = 0x36e
                    0x036e                  _C1TX0CONbits = 0x36e
                    0x0370                  C1RX1SID = 0x370
                    0x0370                  _C1RX1SID = 0x370
                    0x0370                  _C1RX1SIDbits = 0x370
                    0x0372                  C1RX1EID = 0x372
                    0x0372                  _C1RX1EID = 0x372
                    0x0372                  _C1RX1EIDbits = 0x372
                    0x0374                  C1RX1DLC = 0x374
                    0x0374                  _C1RX1DLC = 0x374
                    0x0374                  _C1RX1DLCbits = 0x374
                    0x0376                  C1RX1B1 = 0x376
                    0x0376                  _C1RX1B1 = 0x376
                    0x0376                  _C1RX1B1bits = 0x376
                    0x0378                  C1RX1B2 = 0x378
                    0x0378                  _C1RX1B2 = 0x378
                    0x0378                  _C1RX1B2bits = 0x378
                    0x037a                  C1RX1B3 = 0x37a
                    0x037a                  _C1RX1B3 = 0x37a
                    0x037a                  _C1RX1B3bits = 0x37a
                    0x037c                  C1RX1B4 = 0x37c
                    0x037c                  _C1RX1B4 = 0x37c
                    0x037c                  _C1RX1B4bits = 0x37c
                    0x037e                  C1RX1CON = 0x37e
                    0x037e                  _C1RX1CON = 0x37e
                    0x037e                  _C1RX1CONbits = 0x37e
                    0x0380                  C1RX0SID = 0x380
                    0x0380                  _C1RX0SID = 0x380
                    0x0380                  _C1RX0SIDbits = 0x380
                    0x0382                  C1RX0EID = 0x382
                    0x0382                  _C1RX0EID = 0x382
                    0x0382                  _C1RX0EIDbits = 0x382
                    0x0384                  C1RX0DLC = 0x384
                    0x0384                  _C1RX0DLC = 0x384
                    0x0384                  _C1RX0DLCbits = 0x384
                    0x0386                  C1RX0B1 = 0x386
                    0x0386                  _C1RX0B1 = 0x386
                    0x0386                  _C1RX0B1bits = 0x386
                    0x0388                  C1RX0B2 = 0x388
                    0x0388                  _C1RX0B2 = 0x388
                    0x0388                  _C1RX0B2bits = 0x388
                    0x038a                  C1RX0B3 = 0x38a
                    0x038a                  _C1RX0B3 = 0x38a
                    0x038a                  _C1RX0B3bits = 0x38a
                    0x038c                  C1RX0B4 = 0x38c
                    0x038c                  _C1RX0B4 = 0x38c
                    0x038c                  _C1RX0B4bits = 0x38c
                    0x038e                  C1RX0CON = 0x38e
                    0x038e                  _C1RX0CON = 0x38e
                    0x038e                  _C1RX0CONbits = 0x38e
                    0x0390                  C1CTRL = 0x390
                    0x0390                  _C1CTRL = 0x390
                    0x0390                  _C1CTRLbits = 0x390
                    0x0392                  C1CFG1 = 0x392
                    0x0392                  _C1CFG1 = 0x392
                    0x0392                  _C1CFG1bits = 0x392
                    0x0394                  C1CFG2 = 0x394
                    0x0394                  _C1CFG2 = 0x394
                    0x0394                  _C1CFG2bits = 0x394
                    0x0396                  C1INTF = 0x396
                    0x0396                  _C1INTF = 0x396
                    0x0396                  _C1INTFbits = 0x396
                    0x0398                  C1INTE = 0x398
                    0x0398                  _C1INTE = 0x398
                    0x0398                  _C1INTEbits = 0x398
                    0x039a                  C1EC = 0x39a
                    0x039a                  _C1EC = 0x39a
                    0x039a                  _C1ECbits = 0x39a
                    0x039a                  C1RERRCNT = 0x39a
                    0x039a                  _C1RERRCNT = 0x39a
                    0x039b                  C1TERRCNT = 0x39b
                    0x039b                  _C1TERRCNT = 0x39b
                    0x0740                  RCON = 0x740
                    0x0740                  _RCON = 0x740
                    0x0740                  _RCONbits = 0x740
                    0x0742                  OSCCON = 0x742
                    0x0742                  _OSCCON = 0x742
                    0x0742                  _OSCCONbits = 0x742
                    0x0742                  OSCCONL = 0x742
                    0x0742                  _OSCCONL = 0x742
                    0x0743                  OSCCONH = 0x743
                    0x0743                  _OSCCONH = 0x743
                    0x0744                  OSCTUN = 0x744
                    0x0744                  _OSCTUN = 0x744
                    0x0744                  _OSCTUNbits = 0x744
                    0x0760                  NVMCON = 0x760
                    0x0760                  _NVMCON = 0x760
                    0x0760                  _NVMCONbits = 0x760
                    0x0762                  NVMADR = 0x762
                    0x0762                  _NVMADR = 0x762
                    0x0764                  NVMADRU = 0x764
                    0x0764                  _NVMADRU = 0x764
                    0x0764                  _NVMADRUbits = 0x764
                    0x0766                  NVMKEY = 0x766
                    0x0766                  _NVMKEY = 0x766
                    0x0770                  PMD1 = 0x770
                    0x0770                  _PMD1 = 0x770
                    0x0770                  _PMD1bits = 0x770
                    0x0772                  PMD2 = 0x772
                    0x0772                  _PMD2 = 0x772
                    0x0772                  _PMD2bits = 0x772
                    0x0022                  ACCA = 0x22
                    0x0022                  _ACCA = 0x22
                    0x0028                  ACCB = 0x28
                    0x0028                  _ACCB = 0x28
                    0x0300                  CAN1 = 0x300
                    0x0300                  _CAN1 = 0x300
                    0x0140                  IC1 = 0x140
                    0x0140                  _IC1 = 0x140
                    0x0144                  IC2 = 0x144
                    0x0144                  _IC2 = 0x144
                    0x0158                  IC7 = 0x158
                    0x0158                  _IC7 = 0x158
                    0x015c                  IC8 = 0x15c
                    0x015c                  _IC8 = 0x15c
                    0x0180                  OC1 = 0x180
                    0x0180                  _OC1 = 0x180
                    0x0186                  OC2 = 0x186
                    0x0186                  _OC2 = 0x186
                    0x018c                  OC3 = 0x18c
                    0x018c                  _OC3 = 0x18c
                    0x0192                  OC4 = 0x192
                    0x0192                  _OC4 = 0x192
                    0x0220                  SPI1 = 0x220
                    0x0220                  _SPI1 = 0x220
                    0x020c                  UART1 = 0x20c
                    0x020c                  _UART1 = 0x20c
                    0x0216                  UART2 = 0x216
                    0x0216                  _UART2 = 0x216
START GROUP
LOAD c:/program files/microchip/xc16/v2.10/bin/bin/../../lib\libc99-pic30-elf.a
LOAD c:/program files/microchip/xc16/v2.10/bin/bin/../../lib\libm-elf.a
LOAD c:/program files/microchip/xc16/v2.10/bin/bin/../../lib\libc99-elf.a
END GROUP
OUTPUT(dist/default/production/Tesis_final-V2.X.production.elf elf32-pic30)
LOAD /CW/_FGS M
LOAD default_isr
LOAD data_init

.debug_pubtypes
                  0x000578        0x34b
 .debug_pubtypes